Component: ARM Compiler 5.06 update 7 (build 960) Tool: armlink [4d3601]

==============================================================================

Section Cross References

    startup_stm32f103xe.o(STACK) refers (Special) to heapauxi.o(.text) for __use_two_region_memory
    startup_stm32f103xe.o(HEAP) refers (Special) to heapauxi.o(.text) for __use_two_region_memory
    startup_stm32f103xe.o(RESET) refers (Special) to heapauxi.o(.text) for __use_two_region_memory
    startup_stm32f103xe.o(RESET) refers to startup_stm32f103xe.o(STACK) for __initial_sp
    startup_stm32f103xe.o(RESET) refers to startup_stm32f103xe.o(.text) for Reset_Handler
    startup_stm32f103xe.o(RESET) refers to stm32f1xx_it.o(i.NMI_Handler) for NMI_Handler
    startup_stm32f103xe.o(RESET) refers to stm32f1xx_it.o(i.HardFault_Handler) for HardFault_Handler
    startup_stm32f103xe.o(RESET) refers to stm32f1xx_it.o(i.MemManage_Handler) for MemManage_Handler
    startup_stm32f103xe.o(RESET) refers to stm32f1xx_it.o(i.BusFault_Handler) for BusFault_Handler
    startup_stm32f103xe.o(RESET) refers to stm32f1xx_it.o(i.UsageFault_Handler) for UsageFault_Handler
    startup_stm32f103xe.o(RESET) refers to stm32f1xx_it.o(i.SVC_Handler) for SVC_Handler
    startup_stm32f103xe.o(RESET) refers to stm32f1xx_it.o(i.DebugMon_Handler) for DebugMon_Handler
    startup_stm32f103xe.o(.text) refers (Special) to heapauxi.o(.text) for __use_two_region_memory
    startup_stm32f103xe.o(.text) refers to system_stm32f1xx.o(i.SystemInit) for SystemInit
    startup_stm32f103xe.o(.text) refers to __main.o(!!!main) for __main
    startup_stm32f103xe.o(.text) refers to startup_stm32f103xe.o(HEAP) for Heap_Mem
    startup_stm32f103xe.o(.text) refers to startup_stm32f103xe.o(STACK) for Stack_Mem
    system_stm32f1xx.o(i.SystemCoreClockUpdate) refers to system_stm32f1xx.o(.data) for SystemCoreClock
    system_stm32f1xx.o(i.SystemCoreClockUpdate) refers to system_stm32f1xx.o(.constdata) for AHBPrescTable
    main.o(i.main) refers to _printf_percent.o(.ARM.Collect$$_printf_percent$$00000000) for _printf_percent
    main.o(i.main) refers to _printf_d.o(.ARM.Collect$$_printf_percent$$00000009) for _printf_d
    main.o(i.main) refers to _printf_dec.o(.text) for _printf_int_dec
    main.o(i.main) refers to stm32f1xx_hal.o(i.HAL_Init) for HAL_Init
    main.o(i.main) refers to sys.o(i.sys_stm32_clock_init) for sys_stm32_clock_init
    main.o(i.main) refers to delay.o(i.SysTick_Init) for SysTick_Init
    main.o(i.main) refers to usart.o(i.USART_Init) for USART_Init
    main.o(i.main) refers to lcd.o(i.LCD_ILI9341_Init) for LCD_ILI9341_Init
    main.o(i.main) refers to stm32f1xx_hal_gpio.o(i.HAL_GPIO_ReadPin) for HAL_GPIO_ReadPin
    main.o(i.main) refers to noretval__2printf.o(.text) for __2printf
    main.o(i.main) refers to touch.o(.data) for tp_dev
    sys.o(i.sys_stm32_clock_init) refers to rt_memclr_w.o(.text) for __aeabi_memclr4
    sys.o(i.sys_stm32_clock_init) refers to stm32f1xx_hal_rcc.o(i.HAL_RCC_OscConfig) for HAL_RCC_OscConfig
    sys.o(i.sys_stm32_clock_init) refers to stm32f1xx_hal_rcc.o(i.HAL_RCC_ClockConfig) for HAL_RCC_ClockConfig
    delay.o(i.delay_ms) refers to delay.o(i.delay1_ms) for delay1_ms
    usart.o(.rev16_text) refers (Special) to use_no_semi_2.o(.text) for __use_no_semihosting
    usart.o(.revsh_text) refers (Special) to use_no_semi_2.o(.text) for __use_no_semihosting
    usart.o(.rrx_text) refers (Special) to use_no_semi_2.o(.text) for __use_no_semihosting
    usart.o(i.HAL_UART_MspInit) refers (Special) to use_no_semi_2.o(.text) for __use_no_semihosting
    usart.o(i.HAL_UART_MspInit) refers to stm32f1xx_hal_gpio.o(i.HAL_GPIO_Init) for HAL_GPIO_Init
    usart.o(i.USART_Init) refers (Special) to use_no_semi_2.o(.text) for __use_no_semihosting
    usart.o(i.USART_Init) refers to stm32f1xx_hal_uart.o(i.HAL_UART_Init) for HAL_UART_Init
    usart.o(i.USART_Init) refers to usart.o(.bss) for g_uart1_handle
    usart.o(i._sys_command_string) refers (Special) to use_no_semi_2.o(.text) for __use_no_semihosting
    usart.o(i._sys_exit) refers (Special) to use_no_semi_2.o(.text) for __use_no_semihosting
    usart.o(i._ttywrch) refers (Special) to use_no_semi_2.o(.text) for __use_no_semihosting
    usart.o(i.fputc) refers (Special) to use_no_semi_2.o(.text) for __use_no_semihosting
    usart.o(.bss) refers (Special) to use_no_semi_2.o(.text) for __use_no_semihosting
    usart.o(.data) refers (Special) to use_no_semi_2.o(.text) for __use_no_semihosting
    stm32f1xx_hal.o(i.HAL_DeInit) refers to stm32f1xx_hal.o(i.HAL_MspDeInit) for HAL_MspDeInit
    stm32f1xx_hal.o(i.HAL_Delay) refers to stm32f1xx_hal.o(i.HAL_GetTick) for HAL_GetTick
    stm32f1xx_hal.o(i.HAL_Delay) refers to stm32f1xx_hal.o(.data) for uwTickFreq
    stm32f1xx_hal.o(i.HAL_GetTick) refers to stm32f1xx_hal.o(.data) for uwTick
    stm32f1xx_hal.o(i.HAL_GetTickFreq) refers to stm32f1xx_hal.o(.data) for uwTickFreq
[...]
    Removing stm32f1xx_hal_usart.o(i.USART_Receive_IT), (166 bytes).
    Removing stm32f1xx_hal_usart.o(i.USART_SetConfig), (444 bytes).
    Removing stm32f1xx_hal_usart.o(i.USART_TransmitReceive_IT), (254 bytes).
    Removing stm32f1xx_hal_usart.o(i.USART_Transmit_IT), (96 bytes).
    Removing stm32f1xx_hal_usart.o(i.USART_WaitOnFlagUntilTimeout), (128 bytes).
    Removing stm32f1xx_hal_sram.o(.rev16_text), (4 bytes).
    Removing stm32f1xx_hal_sram.o(.revsh_text), (4 bytes).
    Removing stm32f1xx_hal_sram.o(.rrx_text), (6 bytes).
    Removing stm32f1xx_hal_sram.o(i.HAL_SRAM_DMA_XferCpltCallback), (2 bytes).
    Removing stm32f1xx_hal_sram.o(i.HAL_SRAM_DMA_XferErrorCallback), (2 bytes).
    Removing stm32f1xx_hal_sram.o(i.HAL_SRAM_DeInit), (34 bytes).
    Removing stm32f1xx_hal_sram.o(i.HAL_SRAM_GetState), (8 bytes).
    Removing stm32f1xx_hal_sram.o(i.HAL_SRAM_MspDeInit), (2 bytes).
    Removing stm32f1xx_hal_sram.o(i.HAL_SRAM_Read_16b), (116 bytes).
    Removing stm32f1xx_hal_sram.o(i.HAL_SRAM_Read_32b), (96 bytes).
    Removing stm32f1xx_hal_sram.o(i.HAL_SRAM_Read_8b), (96 bytes).
    Removing stm32f1xx_hal_sram.o(i.HAL_SRAM_Read_DMA), (120 bytes).
    Removing stm32f1xx_hal_sram.o(i.HAL_SRAM_WriteOperation_Disable), (72 bytes).
    Removing stm32f1xx_hal_sram.o(i.HAL_SRAM_WriteOperation_Enable), (72 bytes).
    Removing stm32f1xx_hal_sram.o(i.HAL_SRAM_Write_16b), (128 bytes).
    Removing stm32f1xx_hal_sram.o(i.HAL_SRAM_Write_32b), (88 bytes).
    Removing stm32f1xx_hal_sram.o(i.HAL_SRAM_Write_8b), (88 bytes).
    Removing stm32f1xx_hal_sram.o(i.HAL_SRAM_Write_DMA), (100 bytes).
    Removing stm32f1xx_hal_sram.o(i.SRAM_DMACplt), (32 bytes).
    Removing stm32f1xx_hal_sram.o(i.SRAM_DMACpltProt), (32 bytes).
    Removing stm32f1xx_hal_sram.o(i.SRAM_DMAError), (32 bytes).
    Removing stm32f1xx_ll_fsmc.o(.rev16_text), (4 bytes).
    Removing stm32f1xx_ll_fsmc.o(.revsh_text), (4 bytes).
    Removing stm32f1xx_ll_fsmc.o(.rrx_text), (6 bytes).
    Removing stm32f1xx_ll_fsmc.o(i.FSMC_NAND_AttributeSpace_Timing_Init), (62 bytes).
    Removing stm32f1xx_ll_fsmc.o(i.FSMC_NAND_CommonSpace_Timing_Init), (62 bytes).
    Removing stm32f1xx_ll_fsmc.o(i.FSMC_NAND_DeInit), (66 bytes).
    Removing stm32f1xx_ll_fsmc.o(i.FSMC_NAND_ECC_Disable), (28 bytes).
    Removing stm32f1xx_ll_fsmc.o(i.FSMC_NAND_ECC_Enable), (28 bytes).
    Removing stm32f1xx_ll_fsmc.o(i.FSMC_NAND_GetECC), (84 bytes).
    Removing stm32f1xx_ll_fsmc.o(i.FSMC_NAND_Init), (100 bytes).
    Removing stm32f1xx_ll_fsmc.o(i.FSMC_NORSRAM_DeInit), (56 bytes).
    Removing stm32f1xx_ll_fsmc.o(i.FSMC_NORSRAM_WriteOperation_Disable), (18 bytes).
    Removing stm32f1xx_ll_fsmc.o(i.FSMC_NORSRAM_WriteOperation_Enable), (18 bytes).
    Removing stm32f1xx_ll_fsmc.o(i.FSMC_PCCARD_AttributeSpace_Timing_Init), (30 bytes).
    Removing stm32f1xx_ll_fsmc.o(i.FSMC_PCCARD_CommonSpace_Timing_Init), (30 bytes).
    Removing stm32f1xx_ll_fsmc.o(i.FSMC_PCCARD_DeInit), (32 bytes).
    Removing stm32f1xx_ll_fsmc.o(i.FSMC_PCCARD_IOSpace_Timing_Init), (30 bytes).
    Removing stm32f1xx_ll_fsmc.o(i.FSMC_PCCARD_Init), (40 bytes).
    Removing fsmc.o(.rev16_text), (4 bytes).
    Removing fsmc.o(.revsh_text), (4 bytes).
    Removing fsmc.o(.rrx_text), (6 bytes).
    Removing lcd.o(.rev16_text), (4 bytes).
    Removing lcd.o(.revsh_text), (4 bytes).
    Removing lcd.o(.rrx_text), (6 bytes).
    Removing lcd.o(i.LCD_Color_Fill), (100 bytes).
    Removing lcd.o(i.LCD_Draw_Circle), (170 bytes).
    Removing lcd.o(i.LCD_Draw_Hline), (56 bytes).
    Removing lcd.o(i.LCD_Draw_Line), (172 bytes).
    Removing lcd.o(i.LCD_Draw_Rectangle), (74 bytes).
    Removing lcd.o(i.LCD_Fill), (84 bytes).
    Removing lcd.o(i.LCD_Fill_Circle), (176 bytes).
    Removing lcd.o(i.LCD_ILI9341_ClearXY), (112 bytes).
    Removing touch.o(.rev16_text), (4 bytes).
    Removing touch.o(.revsh_text), (4 bytes).
    Removing touch.o(.rrx_text), (6 bytes).

291 unused section(s) (total 20882 bytes) removed from the image.

==============================================================================

Image Symbol Table

    Local Symbols

    Symbol Name                              Value     Ov Type        Size  Object(Section)

    ../clib/angel/boardlib.s                 0x00000000   Number         0  boardshut.o ABSOLUTE
    ../clib/angel/boardlib.s                 0x00000000   Number         0  boardinit3.o ABSOLUTE
    ../clib/angel/boardlib.s                 0x00000000   Number         0  boardinit1.o ABSOLUTE
    ../clib/angel/boardlib.s                 0x00000000   Number         0  boardinit2.o ABSOLUTE
    ../clib/angel/handlers.s                 0x00000000   Number         0  __scatter_copy.o ABSOLUTE
    ../clib/angel/handlers.s                 0x00000000   Number         0  __scatter_zi.o ABSOLUTE
    ../clib/angel/kernel.s                   0x00000000   Number         0  __rtentry.o ABSOLUTE
    ../clib/angel/kernel.s                   0x00000000   Number         0  rtexit2.o ABSOLUTE
    ../clib/angel/kernel.s                   0x00000000   Number         0  __rtentry2.o ABSOLUTE
    ../clib/angel/kernel.s                   0x00000000   Number         0  __rtentry4.o ABSOLUTE
    ../clib/angel/kernel.s                   0x00000000   Number         0  rtexit.o ABSOLUTE
    ../clib/angel/rt.s                       0x00000000   Number         0  rt_raise.o ABSOLUTE
    ../clib/angel/scatter.s                  0x00000000   Number         0  __scatter.o ABSOLUTE
    ../clib/angel/startup.s                  0x00000000   Number         0  __main.o ABSOLUTE
    ../clib/angel/sys.s                      0x00000000   Number         0  use_no_semi_2.o ABSOLUTE
    ../clib/angel/sys.s                      0x00000000   Number         0  use_no_semi.o ABSOLUTE
    ../clib/angel/sys.s                      0x00000000   Number         0  libspace.o ABSOLUTE
    ../clib/angel/sys.s                      0x00000000   Number         0  sys_stackheap_outer.o ABSOLUTE
    ../clib/armsys.c                         0x00000000   Number         0  argv_veneer.o ABSOLUTE
    ../clib/armsys.c                         0x00000000   Number         0  _get_argv_nomalloc.o ABSOLUTE
    ../clib/armsys.c                         0x00000000   Number         0  argv_veneer.o ABSOLUTE
    ../clib/armsys.c                         0x00000000   Number         0  no_argv.o ABSOLUTE
    ../clib/heapalloc.c                      0x00000000   Number         0  hrguard.o ABSOLUTE
    ../clib/heapaux.c                        0x00000000   Number         0  heapauxi.o ABSOLUTE
    ../clib/libinit.s                        0x00000000   Number         0  libshutdown2.o ABSOLUTE
    ../clib/libinit.s                        0x00000000   Number         0  libshutdown.o ABSOLUTE
    ../clib/libinit.s                        0x00000000   Number         0  libinit.o ABSOLUTE
    ../clib/libinit.s                        0x00000000   Number         0  libinit2.o ABSOLUTE
    ../clib/memcpset.s                       0x00000000   Number         0  rt_memclr_w.o ABSOLUTE
    ../clib/printf.c                         0x00000000   Number         0  __printf_wp.o ABSOLUTE
    ../clib/printf.c                         0x00000000   Number         0  __printf_nopercent.o ABSOLUTE
    ../clib/printf.c                         0x00000000   Number         0  _printf_char_file.o ABSOLUTE
    ../clib/printf.c                         0x00000000   Number         0  __printf_flags_ss_wp.o ABSOLUTE
    ../clib/printf.c                         0x00000000   Number         0  __printf_ss_wp.o ABSOLUTE
    ../clib/printf.c                         0x00000000   Number         0  __printf_flags_wp.o ABSOLUTE
    ../clib/printf.c                         0x00000000   Number         0  noretval__2printf.o ABSOLUTE
    ../clib/printf.c                         0x00000000   Number         0  __printf_flags_ss.o ABSOLUTE
    ../clib/printf.c                         0x00000000   Number         0  _printf_char_common.o ABSOLUTE
    ../clib/printf.c                         0x00000000   Number         0  __printf_ss.o ABSOLUTE
    ../clib/printf.c                         0x00000000   Number         0  __printf_flags.o ABSOLUTE
    ../clib/printf.c                         0x00000000   Number         0  _printf_dec.o ABSOLUTE
    ../clib/printf.c                         0x00000000   Number         0  _printf_intcommon.o ABSOLUTE
    ../clib/printf.c                         0x00000000   Number         0  __printf.o ABSOLUTE
    ../clib/printf.c                         0x00000000   Number         0  __2printf.o ABSOLUTE
    ../clib/printf_percent.s                 0x00000000   Number         0  _printf_percent.o ABSOLUTE
    ../clib/printf_percent.s                 0x00000000   Number         0  _printf_d.o ABSOLUTE
    ../clib/printf_percent.s                 0x00000000   Number         0  _printf_percent_end.o ABSOLUTE
    ../clib/signal.c                         0x00000000   Number         0  defsig_stak_inner.o ABSOLUTE
    ../clib/signal.c                         0x00000000   Number         0  defsig_rtred_inner.o ABSOLUTE
    ../clib/signal.c                         0x00000000   Number         0  defsig_fpe_inner.o ABSOLUTE
    ../clib/signal.c                         0x00000000   Number         0  defsig_abrt_inner.o ABSOLUTE
    ../clib/signal.c                         0x00000000   Number         0  defsig_general.o ABSOLUTE
    ../clib/signal.c                         0x00000000   Number         0  __raise.o ABSOLUTE
    ../clib/signal.c                         0x00000000   Number         0  defsig_rtmem_inner.o ABSOLUTE
    ../clib/signal.c                         0x00000000   Number         0  defsig_exit.o ABSOLUTE
    ../clib/signal.c                         0x00000000   Number         0  defsig_rtmem_formal.o ABSOLUTE
    ../clib/signal.c                         0x00000000   Number         0  defsig_other.o ABSOLUTE
    ../clib/signal.c                         0x00000000   Number         0  defsig_segv_inner.o ABSOLUTE
    ../clib/signal.c                         0x00000000   Number         0  defsig_cppl_inner.o ABSOLUTE
    ../clib/signal.c                         0x00000000   Number         0  defsig_pvfn_inner.o ABSOLUTE
    ../clib/signal.c                         0x00000000   Number         0  defsig_rtmem_outer.o ABSOLUTE
    ../clib/signal.s                         0x00000000   Number         0  defsig.o ABSOLUTE
    ../clib/stdio.c                          0x00000000   Number         0  ferror_locked.o ABSOLUTE
    ../clib/stdio.c                          0x00000000   Number         0  ferror.o ABSOLUTE
    ../clib/stdlib.c                         0x00000000   Number         0  exit.o ABSOLUTE
    ../fplib/d2f.s                           0x00000000   Number         0  d2f.o ABSOLUTE
    ../fplib/daddsub.s                       0x00000000   Number         0  daddsub_clz.o ABSOLUTE
    ../fplib/dcmpi.s                         0x00000000   Number         0  dcmpi.o ABSOLUTE
    ../fplib/ddiv.s                          0x00000000   Number         0  ddiv.o ABSOLUTE
    ../fplib/dflt.s                          0x00000000   Number         0  dflt_clz.o ABSOLUTE
    ../fplib/dleqf.s                         0x00000000   Number         0  dleqf.o ABSOLUTE
    ../fplib/dnaninf.s                       0x00000000   Number         0  dnaninf.o ABSOLUTE
    ../fplib/dretinf.s                       0x00000000   Number         0  dretinf.o ABSOLUTE
    ../fplib/drleqf.s                        0x00000000   Number         0  drleqf.o ABSOLUTE
    ../fplib/f2d.s                           0x00000000   Number         0  f2d.o ABSOLUTE
    ../fplib/faddsub.s                       0x00000000   Number         0  faddsub_clz.o ABSOLUTE
    ../fplib/fdiv.s                          0x00000000   Number         0  fdiv.o ABSOLUTE
    ../fplib/ffix.s                          0x00000000   Number         0  ffix.o ABSOLUTE
    ../fplib/ffixu.s                         0x00000000   Number         0  ffixu.o ABSOLUTE
    ../fplib/fflt.s                          0x00000000   Number         0  fflt_clz.o ABSOLUTE
    ../fplib/fmul.s                          0x00000000   Number         0  fmul.o ABSOLUTE
    ../fplib/fnaninf.s                       0x00000000   Number         0  fnaninf.o ABSOLUTE
    ../fplib/fpinit.s                        0x00000000   Number         0  fpinit.o ABSOLUTE
    ../fplib/fretinf.s                       0x00000000   Number         0  fretinf.o ABSOLUTE
    ../fplib/usenofp.s                       0x00000000   Number         0  usenofp.o ABSOLUTE
    ..\..\Drivers\BSP\src\fsmc.c             0x00000000   Number         0  fsmc.o ABSOLUTE
    ..\..\Drivers\BSP\src\lcd.c              0x00000000   Number         0  lcd.o ABSOLUTE
    ..\..\Drivers\BSP\src\touch.c            0x00000000   Number         0  touch.o ABSOLUTE
    ..\..\Drivers\Libraries\CMSIS\Device\ST\STM32F1xx\Source\Templates\arm\startup_stm32f103xe.s 0x00000000   Number         0  startup_stm32f103xe.o ABSOLUTE
    ..\..\Drivers\Libraries\CMSIS\Device\ST\STM32F1xx\Source\Templates\system_stm32f1xx.c 0x00000000   Number         0  system_stm32f1xx.o ABSOLUTE
    ..\..\Drivers\Libraries\STM32F1xx_HAL_Driver\Src\stm32f1xx_hal.c 0x00000000   Number         0  stm32f1xx_hal.o ABSOLUTE
    ..\..\Drivers\Libraries\STM32F1xx_HAL_Driver\Src\stm32f1xx_hal_cortex.c 0x00000000   Number         0  stm32f1xx_hal_cortex.o ABSOLUTE
    ..\..\Drivers\Libraries\STM32F1xx_HAL_Driver\Src\stm32f1xx_hal_crc.c 0x00000000   Number         0  stm32f1xx_hal_crc.o ABSOLUTE
    ..\..\Drivers\Libraries\STM32F1xx_HAL_Driver\Src\stm32f1xx_hal_dma.c 0x00000000   Number         0  stm32f1xx_hal_dma.o ABSOLUTE
    ..\..\Drivers\Libraries\STM32F1xx_HAL_Driver\Src\stm32f1xx_hal_gpio.c 0x00000000   Number         0  stm32f1xx_hal_gpio.o ABSOLUTE
    ..\..\Drivers\Libraries\STM32F1xx_HAL_Driver\Src\stm32f1xx_hal_gpio_ex.c 0x00000000   Number         0  stm32f1xx_hal_gpio_ex.o ABSOLUTE
    ..\..\Drivers\Libraries\STM32F1xx_HAL_Driver\Src\stm32f1xx_hal_rcc.c 0x00000000   Number         0  stm32f1xx_hal_rcc.o ABSOLUTE
    ..\..\Drivers\Libraries\STM32F1xx_HAL_Driver\Src\stm32f1xx_hal_rcc_ex.c 0x00000000   Number         0  stm32f1xx_hal_rcc_ex.o ABSOLUTE
    ..\..\Drivers\Libraries\STM32F1xx_HAL_Driver\Src\stm32f1xx_hal_sram.c 0x00000000   Number         0  stm32f1xx_hal_sram.o ABSOLUTE
    ..\..\Drivers\Libraries\STM32F1xx_HAL_Driver\Src\stm32f1xx_hal_uart.c 0x00000000   Number         0  stm32f1xx_hal_uart.o ABSOLUTE
    ..\..\Drivers\Libraries\STM32F1xx_HAL_Driver\Src\stm32f1xx_hal_usart.c 0x00000000   Number         0  stm32f1xx_hal_usart.o ABSOLUTE
    ..\..\Drivers\Libraries\STM32F1xx_HAL_Driver\Src\stm32f1xx_ll_fsmc.c 0x00000000   Number         0  stm32f1xx_ll_fsmc.o ABSOLUTE
    ..\..\Drivers\SYSTEM\src\delay.c         0x00000000   Number         0  delay.o ABSOLUTE
    ..\..\Drivers\SYSTEM\src\sys.c           0x00000000   Number         0  sys.o ABSOLUTE
    ..\..\Drivers\SYSTEM\src\usart.c         0x00000000   Number         0  usart.o ABSOLUTE
    ..\..\User\main.c                        0x00000000   Number         0  main.o ABSOLUTE
    ..\..\User\stm32f1xx_it.c                0x00000000   Number         0  stm32f1xx_it.o ABSOLUTE
    ..\\..\\Drivers\\BSP\\src\\fsmc.c        0x00000000   Number         0  fsmc.o ABSOLUTE
    ..\\..\\Drivers\\BSP\\src\\lcd.c         0x00000000   Number         0  lcd.o ABSOLUTE
    ..\\..\\Drivers\\BSP\\src\\touch.c       0x00000000   Number         0  touch.o ABSOLUTE
    ..\\..\\Drivers\\Libraries\\CMSIS\\Device\\ST\\STM32F1xx\\Source\\Templates\\system_stm32f1xx.c 0x00000000   Number         0  system_stm32f1xx.o ABSOLUTE
    ..\\..\\Drivers\\Libraries\\STM32F1xx_HAL_Driver\\Src\\stm32f1xx_hal.c 0x00000000   Number         0  stm32f1xx_hal.o ABSOLUTE
    ..\\..\\Drivers\\Libraries\\STM32F1xx_HAL_Driver\\Src\\stm32f1xx_hal_cortex.c 0x00000000   Number         0  stm32f1xx_hal_cortex.o ABSOLUTE
    ..\\..\\Drivers\\Libraries\\STM32F1xx_HAL_Driver\\Src\\stm32f1xx_hal_crc.c 0x00000000   Number         0  stm32f1xx_hal_crc.o ABSOLUTE
    ..\\..\\Drivers\\Libraries\\STM32F1xx_HAL_Driver\\Src\\stm32f1xx_hal_dma.c 0x00000000   Number         0  stm32f1xx_hal_dma.o ABSOLUTE
    ..\\..\\Drivers\\Libraries\\STM32F1xx_HAL_Driver\\Src\\stm32f1xx_hal_gpio.c 0x00000000   Number         0  stm32f1xx_hal_gpio.o ABSOLUTE
    ..\\..\\Drivers\\Libraries\\STM32F1xx_HAL_Driver\\Src\\stm32f1xx_hal_gpio_ex.c 0x00000000   Number         0  stm32f1xx_hal_gpio_ex.o ABSOLUTE
    ..\\..\\Drivers\\Libraries\\STM32F1xx_HAL_Driver\\Src\\stm32f1xx_hal_rcc.c 0x00000000   Number         0  stm32f1xx_hal_rcc.o ABSOLUTE
    ..\\..\\Drivers\\Libraries\\STM32F1xx_HAL_Driver\\Src\\stm32f1xx_hal_rcc_ex.c 0x00000000   Number         0  stm32f1xx_hal_rcc_ex.o ABSOLUTE
    ..\\..\\Drivers\\Libraries\\STM32F1xx_HAL_Driver\\Src\\stm32f1xx_hal_sram.c 0x00000000   Number         0  stm32f1xx_hal_sram.o ABSOLUTE
    ..\\..\\Drivers\\Libraries\\STM32F1xx_HAL_Driver\\Src\\stm32f1xx_hal_uart.c 0x00000000   Number         0  stm32f1xx_hal_uart.o ABSOLUTE
    ..\\..\\Drivers\\Libraries\\STM32F1xx_HAL_Driver\\Src\\stm32f1xx_hal_usart.c 0x00000000   Number         0  stm32f1xx_hal_usart.o ABSOLUTE
    ..\\..\\Drivers\\Libraries\\STM32F1xx_HAL_Driver\\Src\\stm32f1xx_ll_fsmc.c 0x00000000   Number         0  stm32f1xx_ll_fsmc.o ABSOLUTE
    ..\\..\\Drivers\\SYSTEM\\src\\delay.c    0x00000000   Number         0  delay.o ABSOLUTE
    ..\\..\\Drivers\\SYSTEM\\src\\sys.c      0x00000000   Number         0  sys.o ABSOLUTE
    ..\\..\\Drivers\\SYSTEM\\src\\usart.c    0x00000000   Number         0  usart.o ABSOLUTE
    ..\\..\\User\\main.c                     0x00000000   Number         0  main.o ABSOLUTE
    ..\\..\\User\\stm32f1xx_it.c             0x00000000   Number         0  stm32f1xx_it.o ABSOLUTE
    dc.s                                     0x00000000   Number         0  dc.o ABSOLUTE
    RESET                                    0x08000000   Section      304  startup_stm32f103xe.o(RESET)
    !!!main                                  0x08000130   Section        8  __main.o(!!!main)
    !!!scatter                               0x08000138   Section       52  __scatter.o(!!!scatter)
    !!handler_copy                           0x0800016c   Section       26  __scatter_copy.o(!!handler_copy)
    !!handler_zi                             0x08000188   Section       28  __scatter_zi.o(!!handler_zi)
    .ARM.Collect$$_printf_percent$$00000000  0x080001a4   Section        0  _printf_percent.o(.ARM.Collect$$_printf_percent$$00000000)
    .ARM.Collect$$_printf_percent$$00000009  0x080001a4   Section        6  _printf_d.o(.ARM.Collect$$_printf_percent$$00000009)
    .ARM.Collect$$_printf_percent$$00000017  0x080001aa   Section        4  _printf_percent_end.o(.ARM.Collect$$_printf_percent$$00000017)
    .ARM.Collect$$libinit$$00000000          0x080001ae   Section        2  libinit.o(.ARM.Collect$$libinit$$00000000)
    .ARM.Collect$$libinit$$00000002          0x080001b0   Section        0  libinit2.o(.ARM.Collect$$libinit$$00000002)
    .ARM.Collect$$libinit$$00000004          0x080001b0   Section        0  libinit2.o(.ARM.Collect$$libinit$$00000004)
    .ARM.Collect$$libinit$$0000000A          0x080001b0   Section        0  libinit2.o(.ARM.Collect$$libinit$$0000000A)
    .ARM.Collect$$libinit$$0000000C          0x080001b0   Section        0  libinit2.o(.ARM.Collect$$libinit$$0000000C)
    .ARM.Collect$$libinit$$0000000E          0x080001b0   Section        0  libinit2.o(.ARM.Collect$$libinit$$0000000E)
    .ARM.Collect$$libinit$$00000011          0x080001b0   Section        0  libinit2.o(.ARM.Collect$$libinit$$00000011)
    .ARM.Collect$$libinit$$00000013          0x080001b0   Section        0  libinit2.o(.ARM.Collect$$libinit$$00000013)
    .ARM.Collect$$libinit$$00000015          0x080001b0   Section        0  libinit2.o(.ARM.Collect$$libinit$$00000015)
    .ARM.Collect$$libinit$$00000017          0x080001b0   Section        0  libinit2.o(.ARM.Collect$$libinit$$00000017)
    .ARM.Collect$$libinit$$00000019          0x080001b0   Section        0  libinit2.o(.ARM.Collect$$libinit$$00000019)
    .ARM.Collect$$libinit$$0000001B          0x080001b0   Section        0  libinit2.o(.ARM.Collect$$libinit$$0000001B)
    .ARM.Collect$$libinit$$0000001D          0x080001b0   Section        0  libinit2.o(.ARM.Collect$$libinit$$0000001D)
    .ARM.Collect$$libinit$$0000001F          0x080001b0   Section        0  libinit2.o(.ARM.Collect$$libinit$$0000001F)
    .ARM.Collect$$libinit$$00000021          0x080001b0   Section        0  libinit2.o(.ARM.Collect$$libinit$$00000021)
    .ARM.Collect$$libinit$$00000023          0x080001b0   Section        0  libinit2.o(.ARM.Collect$$libinit$$00000023)
    .ARM.Collect$$libinit$$00000025          0x080001b0   Section        0  libinit2.o(.ARM.Collect$$libinit$$00000025)
    .ARM.Collect$$libinit$$0000002C          0x080001b0   Section        0  libinit2.o(.ARM.Collect$$libinit$$0000002C)
    .ARM.Collect$$libinit$$0000002E          0x080001b0   Section        0  libinit2.o(.ARM.Collect$$libinit$$0000002E)
    .ARM.Collect$$libinit$$00000030          0x080001b0   Section        0  libinit2.o(.ARM.Collect$$libinit$$00000030)
    .ARM.Collect$$libinit$$00000032          0x080001b0   Section        0  libinit2.o(.ARM.Collect$$libinit$$00000032)
    .ARM.Collect$$libinit$$00000033          0x080001b0   Section        2  libinit2.o(.ARM.Collect$$libinit$$00000033)
    .ARM.Collect$$libshutdown$$00000000      0x080001b2   Section        2  libshutdown.o(.ARM.Collect$$libshutdown$$00000000)
    .ARM.Collect$$libshutdown$$00000002      0x080001b4   Section        0  libshutdown2.o(.ARM.Collect$$libshutdown$$00000002)
    .ARM.Collect$$libshutdown$$00000004      0x080001b4   Section        0  libshutdown2.o(.ARM.Collect$$libshutdown$$00000004)
    .ARM.Collect$$libshutdown$$00000006      0x080001b4   Section        0  libshutdown2.o(.ARM.Collect$$libshutdown$$00000006)
    .ARM.Collect$$libshutdown$$00000009      0x080001b4   Section        0  libshutdown2.o(.ARM.Collect$$libshutdown$$00000009)
    .ARM.Collect$$libshutdown$$0000000C      0x080001b4   Section        0  libshutdown2.o(.ARM.Collect$$libshutdown$$0000000C)
    .ARM.Collect$$libshutdown$$0000000E      0x080001b4   Section        0  libshutdown2.o(.ARM.Collect$$libshutdown$$0000000E)
    .ARM.Collect$$libshutdown$$00000011      0x080001b4   Section        0  libshutdown2.o(.ARM.Collect$$libshutdown$$00000011)
    .ARM.Collect$$libshutdown$$00000012      0x080001b4   Section        2  libshutdown2.o(.ARM.Collect$$libshutdown$$00000012)
    .ARM.Collect$$rtentry$$00000000          0x080001b6   Section        0  __rtentry.o(.ARM.Collect$$rtentry$$00000000)
    .ARM.Collect$$rtentry$$00000002          0x080001b6   Section        0  __rtentry2.o(.ARM.Collect$$rtentry$$00000002)
    .ARM.Collect$$rtentry$$00000004          0x080001b6   Section        6  __rtentry4.o(.ARM.Collect$$rtentry$$00000004)
    .ARM.Collect$$rtentry$$00000009          0x080001bc   Section        0  __rtentry2.o(.ARM.Collect$$rtentry$$00000009)
    .ARM.Collect$$rtentry$$0000000A          0x080001bc   Section        4  __rtentry2.o(.ARM.Collect$$rtentry$$0000000A)
    .ARM.Collect$$rtentry$$0000000C          0x080001c0   Section        0  __rtentry2.o(.ARM.Collect$$rtentry$$0000000C)
    .ARM.Collect$$rtentry$$0000000D          0x080001c0   Section        8  __rtentry2.o(.ARM.Collect$$rtentry$$0000000D)
    .ARM.Collect$$rtexit$$00000000           0x080001c8   Section        2  rtexit.o(.ARM.Collect$$rtexit$$00000000)
    .ARM.Collect$$rtexit$$00000002           0x080001ca   Section        0  rtexit2.o(.ARM.Collect$$rtexit$$00000002)
    .ARM.Collect$$rtexit$$00000003           0x080001ca   Section        4  rtexit2.o(.ARM.Collect$$rtexit$$00000003)
    .ARM.Collect$$rtexit$$00000004           0x080001ce   Section        6  rtexit2.o(.ARM.Collect$$rtexit$$00000004)
    .text                                    0x080001d4   Section       64  startup_stm32f103xe.o(.text)
    .text                                    0x08000214   Section        2  use_no_semi_2.o(.text)
    .text                                    0x08000218   Section        0  noretval__2printf.o(.text)
    .text                                    0x08000230   Section        0  __printf.o(.text)
    .text                                    0x08000298   Section        0  _printf_dec.o(.text)
    .text                                    0x08000310   Section       78  rt_memclr_w.o(.text)
    .text                                    0x0800035e   Section        0  heapauxi.o(.text)
    .text                                    0x08000364   Section        2  use_no_semi.o(.text)
    .text                                    0x08000366   Section        0  _printf_intcommon.o(.text)
    .text                                    0x08000418   Section        0  _printf_char_file.o(.text)
    .text                                    0x0800043c   Section        0  _printf_char_common.o(.text)
    _printf_input_char                       0x0800043d   Thumb Code    10  _printf_char_common.o(.text)
    .text                                    0x0800046c   Section        0  ferror.o(.text)
    .text                                    0x08000474   Section       74  sys_stackheap_outer.o(.text)
    .text                                    0x080004be   Section        0  exit.o(.text)
    .text                                    0x080004d0   Section        8  libspace.o(.text)
    i.BusFault_Handler                       0x080004d8   Section        0  stm32f1xx_it.o(i.BusFault_Handler)
    i.DebugMon_Handler                       0x080004dc   Section        0  stm32f1xx_it.o(i.DebugMon_Handler)
    i.FSMC_LCD_Init                          0x080004e0   Section        0  fsmc.o(i.FSMC_LCD_Init)
    i.FSMC_NORSRAM_Extended_Timing_Init      0x08000644   Section        0  stm32f1xx_ll_fsmc.o(i.FSMC_NORSRAM_Extended_Timing_Init)
    i.FSMC_NORSRAM_Init                      0x08000688   Section        0  stm32f1xx_ll_fsmc.o(i.FSMC_NORSRAM_Init)
    i.FSMC_NORSRAM_Timing_Init               0x08000700   Section        0  stm32f1xx_ll_fsmc.o(i.FSMC_NORSRAM_Timing_Init)
    i.HAL_GPIO_Init                          0x08000744   Section        0  stm32f1xx_hal_gpio.o(i.HAL_GPIO_Init)
    i.HAL_GPIO_ReadPin                       0x08000a84   Section        0  stm32f1xx_hal_gpio.o(i.HAL_GPIO_ReadPin)
    i.HAL_GPIO_WritePin                      0x08000a94   Section        0  stm32f1xx_hal_gpio.o(i.HAL_GPIO_WritePin)
    i.HAL_GetTick                            0x08000aa0   Section        0  stm32f1xx_hal.o(i.HAL_GetTick)
    i.HAL_Init                               0x08000aac   Section        0  stm32f1xx_hal.o(i.HAL_Init)
    i.HAL_InitTick                           0x08000ad4   Section        0  stm32f1xx_hal.o(i.HAL_InitTick)
    i.HAL_MspInit                            0x08000b20   Section        0  stm32f1xx_hal.o(i.HAL_MspInit)
    i.HAL_NVIC_SetPriority                   0x08000b22   Section        0  stm32f1xx_hal_cortex.o(i.HAL_NVIC_SetPriority)
    i.HAL_NVIC_SetPriorityGrouping           0x08000ba0   Section        0  stm32f1xx_hal_cortex.o(i.HAL_NVIC_SetPriorityGrouping)
    i.HAL_RCC_ClockConfig                    0x08000bc8   Section        0  stm32f1xx_hal_rcc.o(i.HAL_RCC_ClockConfig)
    i.HAL_RCC_GetHCLKFreq                    0x08000d54   Section        0  stm32f1xx_hal_rcc.o(i.HAL_RCC_GetHCLKFreq)
    i.HAL_RCC_GetPCLK1Freq                   0x08000d60   Section        0  stm32f1xx_hal_rcc.o(i.HAL_RCC_GetPCLK1Freq)
    i.HAL_RCC_GetPCLK2Freq                   0x08000d80   Section        0  stm32f1xx_hal_rcc.o(i.HAL_RCC_GetPCLK2Freq)
    i.HAL_RCC_GetSysClockFreq                0x08000da0   Section        0  stm32f1xx_hal_rcc.o(i.HAL_RCC_GetSysClockFreq)
    i.HAL_RCC_OscConfig                      0x08000e10   Section        0  stm32f1xx_hal_rcc.o(i.HAL_RCC_OscConfig)
    i.HAL_SRAM_Init                          0x08001274   Section        0  stm32f1xx_hal_sram.o(i.HAL_SRAM_Init)
    i.HAL_SRAM_MspInit                       0x080012da   Section        0  stm32f1xx_hal_sram.o(i.HAL_SRAM_MspInit)
    i.HAL_SYSTICK_Config                     0x080012dc   Section        0  stm32f1xx_hal_cortex.o(i.HAL_SYSTICK_Config)
    i.HAL_UART_Init                          0x08001310   Section        0  stm32f1xx_hal_uart.o(i.HAL_UART_Init)
    i.HAL_UART_MspInit                       0x08001388   Section        0  usart.o(i.HAL_UART_MspInit)
    i.HardFault_Handler                      0x0800142c   Section        0  stm32f1xx_it.o(i.HardFault_Handler)
    i.LCD_Calibration_Cross                  0x08001430   Section        0  touch.o(i.LCD_Calibration_Cross)
    i.LCD_Clear                              0x0800147c   Section        0  lcd.o(i.LCD_Clear)
    i.LCD_ILI9341_DisplayDir                 0x080014b4   Section        0  lcd.o(i.LCD_ILI9341_DisplayDir)
    i.LCD_ILI9341_Init                       0x080014f8   Section        0  lcd.o(i.LCD_ILI9341_Init)
    i.LCD_ILI9341_ScanDir                    0x08001758   Section        0  lcd.o(i.LCD_ILI9341_ScanDir)
    i.LCD_ILI9341_SetCursor                  0x0800187c   Section        0  lcd.o(i.LCD_ILI9341_SetCursor)
    i.LCD_Point                              0x080018ac   Section        0  lcd.o(i.LCD_Point)
    i.LCD_Touch_Calibration                  0x080018d4   Section        0  touch.o(i.LCD_Touch_Calibration)
    i.LCD_WriteCMD                           0x08001de4   Section        0  lcd.o(i.LCD_WriteCMD)
    i.LCD_WriteData                          0x08001df0   Section        0  lcd.o(i.LCD_WriteData)
    i.MemManage_Handler                      0x08001dfc   Section        0  stm32f1xx_it.o(i.MemManage_Handler)
    i.NMI_Handler                            0x08001e00   Section        0  stm32f1xx_it.o(i.NMI_Handler)
    i.RCC_Delay                              0x08001e04   Section        0  stm32f1xx_hal_rcc.o(i.RCC_Delay)
    RCC_Delay                                0x08001e05   Thumb Code    36  stm32f1xx_hal_rcc.o(i.RCC_Delay)
    i.SVC_Handler                            0x08001e2c   Section        0  stm32f1xx_it.o(i.SVC_Handler)
    i.SysTick_Init                           0x08001e2e   Section        0  delay.o(i.SysTick_Init)
    i.SystemInit                             0x08001e42   Section        0  system_stm32f1xx.o(i.SystemInit)
    i.Touch_Data                             0x08001e44   Section        0  touch.o(i.Touch_Data)
    i.Touch_IO_Init                          0x08001f48   Section        0  touch.o(i.Touch_IO_Init)
    i.Touch_Init                             0x08002050   Section        0  touch.o(i.Touch_Init)
    i.Touch_Read_XY                          0x08002098   Section        0  touch.o(i.Touch_Read_XY)
    i.Touch_Scan                             0x08002140   Section        0  touch.o(i.Touch_Scan)
    i.Touch_Smoothing                        0x080021e8   Section        0  touch.o(i.Touch_Smoothing)
    i.UART_SetConfig                         0x08002314   Section        0  stm32f1xx_hal_uart.o(i.UART_SetConfig)
    UART_SetConfig                           0x08002315   Thumb Code   248  stm32f1xx_hal_uart.o(i.UART_SetConfig)
    i.USART_Init                             0x08002410   Section        0  usart.o(i.USART_Init)
    i.UsageFault_Handler                     0x0800243c   Section        0  stm32f1xx_it.o(i.UsageFault_Handler)
    i.__NVIC_GetPriorityGrouping             0x08002440   Section        0  stm32f1xx_hal_cortex.o(i.__NVIC_GetPriorityGrouping)
    __NVIC_GetPriorityGrouping               0x08002441   Thumb Code    10  stm32f1xx_hal_cortex.o(i.__NVIC_GetPriorityGrouping)
    i.__NVIC_SetPriority                     0x08002450   Section        0  stm32f1xx_hal_cortex.o(i.__NVIC_SetPriority)
    __NVIC_SetPriority                       0x08002451   Thumb Code    32  stm32f1xx_hal_cortex.o(i.__NVIC_SetPriority)
    i._sys_exit                              0x08002478   Section        0  usart.o(i._sys_exit)
    i.delay1_ms                              0x0800247c   Section        0  delay.o(i.delay1_ms)
    i.delay_ms                               0x080024b8   Section        0  delay.o(i.delay_ms)
    i.delay_us                               0x080024fa   Section        0  delay.o(i.delay_us)
    i.fputc                                  0x08002534   Section        0  usart.o(i.fputc)
    i.main                                   0x08002550   Section        0  main.o(i.main)
    i.sys_stm32_clock_init                   0x080025bc   Section        0  sys.o(i.sys_stm32_clock_init)
    x$fpl$d2f                                0x08002624   Section       98  d2f.o(x$fpl$d2f)
    x$fpl$dadd                               0x08002688   Section      336  daddsub_clz.o(x$fpl$dadd)
    _dadd1                                   0x08002699   Thumb Code     0  daddsub_clz.o(x$fpl$dadd)
    x$fpl$dcmpinf                            0x080027d8   Section       24  dcmpi.o(x$fpl$dcmpinf)
    x$fpl$ddiv                               0x080027f0   Section      688  ddiv.o(x$fpl$ddiv)
    ddiv_entry                               0x080027f7   Thumb Code     0  ddiv.o(x$fpl$ddiv)
    x$fpl$dflt                               0x08002aa0   Section       46  dflt_clz.o(x$fpl$dflt)
    x$fpl$dleqf                              0x08002ad0   Section      120  dleqf.o(x$fpl$dleqf)
    x$fpl$dnaninf                            0x08002b48   Section      156  dnaninf.o(x$fpl$dnaninf)
    x$fpl$dretinf                            0x08002be4   Section       12  dretinf.o(x$fpl$dretinf)
    x$fpl$drleqf                             0x08002bf0   Section      108  drleqf.o(x$fpl$drleqf)
    x$fpl$drsb                               0x08002c5c   Section       22  daddsub_clz.o(x$fpl$drsb)
    x$fpl$dsub                               0x08002c74   Section      468  daddsub_clz.o(x$fpl$dsub)
    _dsub1                                   0x08002c85   Thumb Code     0  daddsub_clz.o(x$fpl$dsub)
    x$fpl$f2d                                0x08002e48   Section       86  f2d.o(x$fpl$f2d)
    x$fpl$fadd                               0x08002ea0   Section      196  faddsub_clz.o(x$fpl$fadd)
    _fadd1                                   0x08002eaf   Thumb Code     0  faddsub_clz.o(x$fpl$fadd)
    x$fpl$fdiv                               0x08002f64   Section      388  fdiv.o(x$fpl$fdiv)
    _fdiv1                                   0x08002f65   Thumb Code     0  fdiv.o(x$fpl$fdiv)
    x$fpl$ffix                               0x080030e8   Section       54  ffix.o(x$fpl$ffix)
    x$fpl$ffixu                              0x08003120   Section       62  ffixu.o(x$fpl$ffixu)
    x$fpl$fflt                               0x08003160   Section       48  fflt_clz.o(x$fpl$fflt)
    x$fpl$ffltu                              0x08003190   Section       38  fflt_clz.o(x$fpl$ffltu)
    x$fpl$fmul                               0x080031b8   Section      258  fmul.o(x$fpl$fmul)
    x$fpl$fnaninf                            0x080032ba   Section      140  fnaninf.o(x$fpl$fnaninf)
    x$fpl$fretinf                            0x08003346   Section       10  fretinf.o(x$fpl$fretinf)
    x$fpl$frsb                               0x08003350   Section       20  faddsub_clz.o(x$fpl$frsb)
    x$fpl$fsub                               0x08003364   Section      234  faddsub_clz.o(x$fpl$fsub)
    _fsub1                                   0x08003373   Thumb Code     0  faddsub_clz.o(x$fpl$fsub)
    .constdata                               0x0800344e   Section       24  system_stm32f1xx.o(.constdata)
    x$fpl$usenofp                            0x0800344e   Section        0  usenofp.o(x$fpl$usenofp)
    .constdata                               0x08003466   Section       18  stm32f1xx_hal_rcc.o(.constdata)
    aPLLMULFactorTable                       0x08003466   Data          16  stm32f1xx_hal_rcc.o(.constdata)
    aPredivFactorTable                       0x08003476   Data           2  stm32f1xx_hal_rcc.o(.constdata)
    .constdata                               0x08003478   Section       16  touch.o(.constdata)
    .data                                    0x20000000   Section        4  system_stm32f1xx.o(.data)
    .data                                    0x20000004   Section        4  usart.o(.data)
    .data                                    0x20000008   Section        9  stm32f1xx_hal.o(.data)
    .data                                    0x20000014   Section       32  touch.o(.data)
    .bss                                     0x20000034   Section       72  usart.o(.bss)
    .bss                                     0x2000007c   Section       72  fsmc.o(.bss)
    .bss                                     0x200000c4   Section       14  lcd.o(.bss)
    .bss                                     0x200000d4   Section       96  libspace.o(.bss)
    HEAP                                     0x20000138   Section      512  startup_stm32f103xe.o(HEAP)
    Heap_Mem                                 0x20000138   Data         512  startup_stm32f103xe.o(HEAP)
    STACK                                    0x20000338   Section     1024  startup_stm32f103xe.o(STACK)
    Stack_Mem                                0x20000338   Data        1024  startup_stm32f103xe.o(STACK)
    __initial_sp                             0x20000738   Data           0  startup_stm32f103xe.o(STACK)

    Global Symbols

    Symbol Name                              Value     Ov Type        Size  Object(Section)

    BuildAttributes$$THM_ISAv4$P$D$K$B$S$PE$A:L22UL41UL21$X:L11$S22US41US21$IEEE1$IW$USESV6$~STKCKD$USESV7$~SHL$OSPACE$ROPI$EBA8$UX$STANDARDLIB$REQ8$PRES8$EABIv2 0x00000000   Number         0  anon$$obj.o ABSOLUTE
    __ARM_use_no_argv                        0x00000000   Number         0  main.o ABSOLUTE
    __ARM_exceptions_init                     - Undefined Weak Reference
    __alloca_initialize                       - Undefined Weak Reference
    __arm_fini_                               - Undefined Weak Reference
    __arm_preinit_                            - Undefined Weak Reference
    __cpp_initialize__aeabi_                  - Undefined Weak Reference
    __cxa_finalize                            - Undefined Weak Reference
    __rt_locale                               - Undefined Weak Reference
    __sigvec_lookup                           - Undefined Weak Reference
    _atexit_init                              - Undefined Weak Reference
    _call_atexit_fns                          - Undefined Weak Reference
    _clock_init                               - Undefined Weak Reference
    _fp_trap_init                             - Undefined Weak Reference
    _fp_trap_shutdown                         - Undefined Weak Reference
    _get_lc_collate                           - Undefined Weak Reference
    _get_lc_ctype                             - Undefined Weak Reference
    _get_lc_monetary                          - Undefined Weak Reference
    _get_lc_numeric                           - Undefined Weak Reference
    _get_lc_time                              - Undefined Weak Reference
    _getenv_init                              - Undefined Weak Reference
    _handle_redirection                       - Undefined Weak Reference
    _init_alloc                               - Undefined Weak Reference
    _init_user_alloc                          - Undefined Weak Reference
    _initio                                   - Undefined Weak Reference
    _mutex_acquire                            - Undefined Weak Reference
    _mutex_release                            - Undefined Weak Reference
    _printf_post_padding                      - Undefined Weak Reference
    _printf_pre_padding                       - Undefined Weak Reference
    _printf_truncate_signed                   - Undefined Weak Reference
    _printf_truncate_unsigned                 - Undefined Weak Reference
    _rand_init                                - Undefined Weak Reference
    _signal_finish                            - Undefined Weak Reference
    _signal_init                              - Undefined Weak Reference
    _terminate_alloc                          - Undefined Weak Reference
    _terminate_user_alloc                     - Undefined Weak Reference
    _terminateio                              - Undefined Weak Reference
    __Vectors_Size                           0x00000130   Number         0  startup_stm32f103xe.o ABSOLUTE
    __Vectors                                0x08000000   Data           4  startup_stm32f103xe.o(RESET)
    __Vectors_End                            0x08000130   Data           0  startup_stm32f103xe.o(RESET)
    __main                                   0x08000131   Thumb Code     8  __main.o(!!!main)
    __scatterload                            0x08000139   Thumb Code     0  __scatter.o(!!!scatter)
    __scatterload_rt2                        0x08000139   Thumb Code    44  __scatter.o(!!!scatter)
    __scatterload_rt2_thumb_only             0x08000139   Thumb Code     0  __scatter.o(!!!scatter)
    __scatterload_null                       0x08000147   Thumb Code     0  __scatter.o(!!!scatter)
    __scatterload_copy                       0x0800016d   Thumb Code    26  __scatter_copy.o(!!handler_copy)
    __scatterload_zeroinit                   0x08000189   Thumb Code    28  __scatter_zi.o(!!handler_zi)
    _printf_d                                0x080001a5   Thumb Code     0  _printf_d.o(.ARM.Collect$$_printf_percent$$00000009)
    _printf_percent                          0x080001a5   Thumb Code     0  _printf_percent.o(.ARM.Collect$$_printf_percent$$00000000)
    _printf_percent_end                      0x080001ab   Thumb Code     0  _printf_percent_end.o(.ARM.Collect$$_printf_percent$$00000017)
    __rt_lib_init                            0x080001af   Thumb Code     0  libinit.o(.ARM.Collect$$libinit$$00000000)
    __rt_lib_init_alloca_1                   0x080001b1   Thumb Code     0  libinit2.o(.ARM.Collect$$libinit$$0000002E)
    __rt_lib_init_argv_1                     0x080001b1   Thumb Code     0  libinit2.o(.ARM.Collect$$libinit$$0000002C)
    __rt_lib_init_atexit_1                   0x080001b1   Thumb Code     0  libinit2.o(.ARM.Collect$$libinit$$0000001B)
    __rt_lib_init_clock_1                    0x080001b1   Thumb Code     0  libinit2.o(.ARM.Collect$$libinit$$00000021)
    __rt_lib_init_cpp_1                      0x080001b1   Thumb Code     0  libinit2.o(.ARM.Collect$$libinit$$00000032)
    __rt_lib_init_exceptions_1               0x080001b1   Thumb Code     0  libinit2.o(.ARM.Collect$$libinit$$00000030)
    __rt_lib_init_fp_1                       0x080001b1   Thumb Code     0  libinit2.o(.ARM.Collect$$libinit$$00000002)
    __rt_lib_init_fp_trap_1                  0x080001b1   Thumb Code     0  libinit2.o(.ARM.Collect$$libinit$$0000001F)
    __rt_lib_init_getenv_1                   0x080001b1   Thumb Code     0  libinit2.o(.ARM.Collect$$libinit$$00000023)
    __rt_lib_init_heap_1                     0x080001b1   Thumb Code     0  libinit2.o(.ARM.Collect$$libinit$$0000000A)
    __rt_lib_init_lc_collate_1               0x080001b1   Thumb Code     0  libinit2.o(.ARM.Collect$$libinit$$00000011)
    __rt_lib_init_lc_ctype_1                 0x080001b1   Thumb Code     0  libinit2.o(.ARM.Collect$$libinit$$00000013)
    __rt_lib_init_lc_monetary_1              0x080001b1   Thumb Code     0  libinit2.o(.ARM.Collect$$libinit$$00000015)
    __rt_lib_init_lc_numeric_1               0x080001b1   Thumb Code     0  libinit2.o(.ARM.Collect$$libinit$$00000017)
    __rt_lib_init_lc_time_1                  0x080001b1   Thumb Code     0  libinit2.o(.ARM.Collect$$libinit$$00000019)
    __rt_lib_init_preinit_1                  0x080001b1   Thumb Code     0  libinit2.o(.ARM.Collect$$libinit$$00000004)
    __rt_lib_init_rand_1                     0x080001b1   Thumb Code     0  libinit2.o(.ARM.Collect$$libinit$$0000000E)
    __rt_lib_init_return                     0x080001b1   Thumb Code     0  libinit2.o(.ARM.Collect$$libinit$$00000033)
    __rt_lib_init_signal_1                   0x080001b1   Thumb Code     0  libinit2.o(.ARM.Collect$$libinit$$0000001D)
    __rt_lib_init_stdio_1                    0x080001b1   Thumb Code     0  libinit2.o(.ARM.Collect$$libinit$$00000025)
    __rt_lib_init_user_alloc_1               0x080001b1   Thumb Code     0  libinit2.o(.ARM.Collect$$libinit$$0000000C)
    __rt_lib_shutdown                        0x080001b3   Thumb Code     0  libshutdown.o(.ARM.Collect$$libshutdown$$00000000)
    __rt_lib_shutdown_cpp_1                  0x080001b5   Thumb Code     0  libshutdown2.o(.ARM.Collect$$libshutdown$$00000004)
    __rt_lib_shutdown_fini_1                 0x080001b5   Thumb Code     0  libshutdown2.o(.ARM.Collect$$libshutdown$$00000002)
    __rt_lib_shutdown_fp_trap_1              0x080001b5   Thumb Code     0  libshutdown2.o(.ARM.Collect$$libshutdown$$00000009)
    __rt_lib_shutdown_heap_1                 0x080001b5   Thumb Code     0  libshutdown2.o(.ARM.Collect$$libshutdown$$00000011)
    __rt_lib_shutdown_return                 0x080001b5   Thumb Code     0  libshutdown2.o(.ARM.Collect$$libshutdown$$00000012)
    __rt_lib_shutdown_signal_1               0x080001b5   Thumb Code     0  libshutdown2.o(.ARM.Collect$$libshutdown$$0000000C)
    __rt_lib_shutdown_stdio_1                0x080001b5   Thumb Code     0  libshutdown2.o(.ARM.Collect$$libshutdown$$00000006)
    __rt_lib_shutdown_user_alloc_1           0x080001b5   Thumb Code     0  libshutdown2.o(.ARM.Collect$$libshutdown$$0000000E)
    __rt_entry                               0x080001b7   Thumb Code     0  __rtentry.o(.ARM.Collect$$rtentry$$00000000)
    __rt_entry_presh_1                       0x080001b7   Thumb Code     0  __rtentry2.o(.ARM.Collect$$rtentry$$00000002)
    __rt_entry_sh                            0x080001b7   Thumb Code     0  __rtentry4.o(.ARM.Collect$$rtentry$$00000004)
    __rt_entry_li                            0x080001bd   Thumb Code     0  __rtentry2.o(.ARM.Collect$$rtentry$$0000000A)
    __rt_entry_postsh_1                      0x080001bd   Thumb Code     0  __rtentry2.o(.ARM.Collect$$rtentry$$00000009)
    __rt_entry_main                          0x080001c1   Thumb Code     0  __rtentry2.o(.ARM.Collect$$rtentry$$0000000D)
    __rt_entry_postli_1                      0x080001c1   Thumb Code     0  __rtentry2.o(.ARM.Collect$$rtentry$$0000000C)
    __rt_exit                                0x080001c9   Thumb Code     0  rtexit.o(.ARM.Collect$$rtexit$$00000000)
    __rt_exit_ls                             0x080001cb   Thumb Code     0  rtexit2.o(.ARM.Collect$$rtexit$$00000003)
    __rt_exit_prels_1                        0x080001cb   Thumb Code     0  rtexit2.o(.ARM.Collect$$rtexit$$00000002)
    __rt_exit_exit                           0x080001cf   Thumb Code     0  rtexit2.o(.ARM.Collect$$rtexit$$00000004)
    Reset_Handler                            0x080001d5   Thumb Code     8  startup_stm32f103xe.o(.text)
    PendSV_Handler                           0x080001eb   Thumb Code     2  startup_stm32f103xe.o(.text)
    SysTick_Handler                          0x080001ed   Thumb Code     2  startup_stm32f103xe.o(.text)
    ADC1_2_IRQHandler                        0x080001ef   Thumb Code     0  startup_stm32f103xe.o(.text)
    ADC3_IRQHandler                          0x080001ef   Thumb Code     0  startup_stm32f103xe.o(.text)
    CAN1_RX1_IRQHandler                      0x080001ef   Thumb Code     0  startup_stm32f103xe.o(.text)
    CAN1_SCE_IRQHandler                      0x080001ef   Thumb Code     0  startup_stm32f103xe.o(.text)
    DMA1_Channel1_IRQHandler                 0x080001ef   Thumb Code     0  startup_stm32f103xe.o(.text)
    DMA1_Channel2_IRQHandler                 0x080001ef   Thumb Code     0  startup_stm32f103xe.o(.text)
    DMA1_Channel3_IRQHandler                 0x080001ef   Thumb Code     0  startup_stm32f103xe.o(.text)
    DMA1_Channel4_IRQHandler                 0x080001ef   Thumb Code     0  startup_stm32f103xe.o(.text)
    DMA1_Channel5_IRQHandler                 0x080001ef   Thumb Code     0  startup_stm32f103xe.o(.text)
    DMA1_Channel6_IRQHandler                 0x080001ef   Thumb Code     0  startup_stm32f103xe.o(.text)
    DMA1_Channel7_IRQHandler                 0x080001ef   Thumb Code     0  startup_stm32f103xe.o(.text)
    DMA2_Channel1_IRQHandler                 0x080001ef   Thumb Code     0  startup_stm32f103xe.o(.text)
    DMA2_Channel2_IRQHandler                 0x080001ef   Thumb Code     0  startup_stm32f103xe.o(.text)
    DMA2_Channel3_IRQHandler                 0x080001ef   Thumb Code     0  startup_stm32f103xe.o(.text)
    DMA2_Channel4_5_IRQHandler               0x080001ef   Thumb Code     0  startup_stm32f103xe.o(.text)
    EXTI0_IRQHandler                         0x080001ef   Thumb Code     0  startup_stm32f103xe.o(.text)
    EXTI15_10_IRQHandler                     0x080001ef   Thumb Code     0  startup_stm32f103xe.o(.text)
    EXTI1_IRQHandler                         0x080001ef   Thumb Code     0  startup_stm32f103xe.o(.text)
    EXTI2_IRQHandler                         0x080001ef   Thumb Code     0  startup_stm32f103xe.o(.text)
    EXTI3_IRQHandler                         0x080001ef   Thumb Code     0  startup_stm32f103xe.o(.text)
    EXTI4_IRQHandler                         0x080001ef   Thumb Code     0  startup_stm32f103xe.o(.text)
    EXTI9_5_IRQHandler                       0x080001ef   Thumb Code     0  startup_stm32f103xe.o(.text)
    FLASH_IRQHandler                         0x080001ef   Thumb Code     0  startup_stm32f103xe.o(.text)
    FSMC_IRQHandler                          0x080001ef   Thumb Code     0  startup_stm32f103xe.o(.text)
    I2C1_ER_IRQHandler                       0x080001ef   Thumb Code     0  startup_stm32f103xe.o(.text)
    I2C1_EV_IRQHandler                       0x080001ef   Thumb Code     0  startup_stm32f103xe.o(.text)
    I2C2_ER_IRQHandler                       0x080001ef   Thumb Code     0  startup_stm32f103xe.o(.text)
    I2C2_EV_IRQHandler                       0x080001ef   Thumb Code     0  startup_stm32f103xe.o(.text)
    PVD_IRQHandler                           0x080001ef   Thumb Code     0  startup_stm32f103xe.o(.text)
    RCC_IRQHandler                           0x080001ef   Thumb Code     0  startup_stm32f103xe.o(.text)
    RTC_Alarm_IRQHandler                     0x080001ef   Thumb Code     0  startup_stm32f103xe.o(.text)
    RTC_IRQHandler                           0x080001ef   Thumb Code     0  startup_stm32f103xe.o(.text)
    SDIO_IRQHandler                          0x080001ef   Thumb Code     0  startup_stm32f103xe.o(.text)
    SPI1_IRQHandler                          0x080001ef   Thumb Code     0  startup_stm32f103xe.o(.text)
    SPI2_IRQHandler                          0x080001ef   Thumb Code     0  startup_stm32f103xe.o(.text)
    SPI3_IRQHandler                          0x080001ef   Thumb Code     0  startup_stm32f103xe.o(.text)
    TAMPER_IRQHandler                        0x080001ef   Thumb Code     0  startup_stm32f103xe.o(.text)
    TIM1_BRK_IRQHandler                      0x080001ef   Thumb Code     0  startup_stm32f103xe.o(.text)
    TIM1_CC_IRQHandler                       0x080001ef   Thumb Code     0  startup_stm32f103xe.o(.text)
    TIM1_TRG_COM_IRQHandler                  0x080001ef   Thumb Code     0  startup_stm32f103xe.o(.text)
    TIM1_UP_IRQHandler                       0x080001ef   Thumb Code     0  startup_stm32f103xe.o(.text)
    TIM2_IRQHandler                          0x080001ef   Thumb Code     0  startup_stm32f103xe.o(.text)
    TIM3_IRQHandler                          0x080001ef   Thumb Code     0  startup_stm32f103xe.o(.text)
    TIM4_IRQHandler                          0x080001ef   Thumb Code     0  startup_stm32f103xe.o(.text)
    TIM5_IRQHandler                          0x080001ef   Thumb Code     0  startup_stm32f103xe.o(.text)
    TIM6_IRQHandler                          0x080001ef   Thumb Code     0  startup_stm32f103xe.o(.text)
    TIM7_IRQHandler                          0x080001ef   Thumb Code     0  startup_stm32f103xe.o(.text)
    TIM8_BRK_IRQHandler                      0x080001ef   Thumb Code     0  startup_stm32f103xe.o(.text)
    TIM8_CC_IRQHandler                       0x080001ef   Thumb Code     0  startup_stm32f103xe.o(.text)
    TIM8_TRG_COM_IRQHandler                  0x080001ef   Thumb Code     0  startup_stm32f103xe.o(.text)
    TIM8_UP_IRQHandler                       0x080001ef   Thumb Code     0  startup_stm32f103xe.o(.text)
    UART4_IRQHandler                         0x080001ef   Thumb Code     0  startup_stm32f103xe.o(.text)
    UART5_IRQHandler                         0x080001ef   Thumb Code     0  startup_stm32f103xe.o(.text)
    USART1_IRQHandler                        0x080001ef   Thumb Code     0  startup_stm32f103xe.o(.text)
    USART2_IRQHandler                        0x080001ef   Thumb Code     0  startup_stm32f103xe.o(.text)
    USART3_IRQHandler                        0x080001ef   Thumb Code     0  startup_stm32f103xe.o(.text)
    USBWakeUp_IRQHandler                     0x080001ef   Thumb Code     0  startup_stm32f103xe.o(.text)
    USB_HP_CAN1_TX_IRQHandler                0x080001ef   Thumb Code     0  startup_stm32f103xe.o(.text)
    USB_LP_CAN1_RX0_IRQHandler               0x080001ef   Thumb Code     0  startup_stm32f103xe.o(.text)
    WWDG_IRQHandler                          0x080001ef   Thumb Code     0  startup_stm32f103xe.o(.text)
    __user_initial_stackheap                 0x080001f1   Thumb Code     0  startup_stm32f103xe.o(.text)
    __use_no_semihosting                     0x08000215   Thumb Code     2  use_no_semi_2.o(.text)
    __2printf                                0x08000219   Thumb Code    20  noretval__2printf.o(.text)
    __printf                                 0x08000231   Thumb Code   104  __printf.o(.text)
    _printf_int_dec                          0x08000299   Thumb Code   104  _printf_dec.o(.text)
    __aeabi_memclr4                          0x08000311   Thumb Code     0  rt_memclr_w.o(.text)
    __aeabi_memclr8                          0x08000311   Thumb Code     0  rt_memclr_w.o(.text)
    __rt_memclr_w                            0x08000311   Thumb Code    78  rt_memclr_w.o(.text)
    _memset_w                                0x08000315   Thumb Code     0  rt_memclr_w.o(.text)
    __use_two_region_memory                  0x0800035f   Thumb Code     2  heapauxi.o(.text)
    __rt_heap_escrow$2region                 0x08000361   Thumb Code     2  heapauxi.o(.text)
    __rt_heap_expand$2region                 0x08000363   Thumb Code     2  heapauxi.o(.text)
    __semihosting$guard                      0x08000365   Thumb Code     0  use_no_semi.o(.text)
    __use_no_semihosting_swi                 0x08000365   Thumb Code     2  use_no_semi.o(.text)
    _printf_int_common                       0x08000367   Thumb Code   178  _printf_intcommon.o(.text)
    _printf_char_file                        0x08000419   Thumb Code    32  _printf_char_file.o(.text)
    _printf_char_common                      0x08000447   Thumb Code    32  _printf_char_common.o(.text)
    ferror                                   0x0800046d   Thumb Code     8  ferror.o(.text)
    __user_setup_stackheap                   0x08000475   Thumb Code    74  sys_stackheap_outer.o(.text)
    exit                                     0x080004bf   Thumb Code    18  exit.o(.text)
    __user_libspace                          0x080004d1   Thumb Code     8  libspace.o(.text)
    __user_perproc_libspace                  0x080004d1   Thumb Code     0  libspace.o(.text)
    __user_perthread_libspace                0x080004d1   Thumb Code     0  libspace.o(.text)
    BusFault_Handler                         0x080004d9   Thumb Code     4  stm32f1xx_it.o(i.BusFault_Handler)
    DebugMon_Handler                         0x080004dd   Thumb Code     2  stm32f1xx_it.o(i.DebugMon_Handler)
    FSMC_LCD_Init                            0x080004e1   Thumb Code   326  fsmc.o(i.FSMC_LCD_Init)
    FSMC_NORSRAM_Extended_Timing_Init        0x08000645   Thumb Code    62  stm32f1xx_ll_fsmc.o(i.FSMC_NORSRAM_Extended_Timing_Init)
    FSMC_NORSRAM_Init                        0x08000689   Thumb Code   116  stm32f1xx_ll_fsmc.o(i.FSMC_NORSRAM_Init)
    FSMC_NORSRAM_Timing_Init                 0x08000701   Thumb Code    66  stm32f1xx_ll_fsmc.o(i.FSMC_NORSRAM_Timing_Init)
    HAL_GPIO_Init                            0x08000745   Thumb Code   792  stm32f1xx_hal_gpio.o(i.HAL_GPIO_Init)
    HAL_GPIO_ReadPin                         0x08000a85   Thumb Code    16  stm32f1xx_hal_gpio.o(i.HAL_GPIO_ReadPin)
    HAL_GPIO_WritePin                        0x08000a95   Thumb Code    12  stm32f1xx_hal_gpio.o(i.HAL_GPIO_WritePin)
    HAL_GetTick                              0x08000aa1   Thumb Code     6  stm32f1xx_hal.o(i.HAL_GetTick)
    HAL_Init                                 0x08000aad   Thumb Code    34  stm32f1xx_hal.o(i.HAL_Init)
    HAL_InitTick                             0x08000ad5   Thumb Code    64  stm32f1xx_hal.o(i.HAL_InitTick)
    HAL_MspInit                              0x08000b21   Thumb Code     2  stm32f1xx_hal.o(i.HAL_MspInit)
    HAL_NVIC_SetPriority                     0x08000b23   Thumb Code   124  stm32f1xx_hal_cortex.o(i.HAL_NVIC_SetPriority)
    HAL_NVIC_SetPriorityGrouping             0x08000ba1   Thumb Code    32  stm32f1xx_hal_cortex.o(i.HAL_NVIC_SetPriorityGrouping)
    HAL_RCC_ClockConfig                      0x08000bc9   Thumb Code   376  stm32f1xx_hal_rcc.o(i.HAL_RCC_ClockConfig)
    HAL_RCC_GetHCLKFreq                      0x08000d55   Thumb Code     6  stm32f1xx_hal_rcc.o(i.HAL_RCC_GetHCLKFreq)
    HAL_RCC_GetPCLK1Freq                     0x08000d61   Thumb Code    22  stm32f1xx_hal_rcc.o(i.HAL_RCC_GetPCLK1Freq)
    HAL_RCC_GetPCLK2Freq                     0x08000d81   Thumb Code    22  stm32f1xx_hal_rcc.o(i.HAL_RCC_GetPCLK2Freq)
    HAL_RCC_GetSysClockFreq                  0x08000da1   Thumb Code    92  stm32f1xx_hal_rcc.o(i.HAL_RCC_GetSysClockFreq)
    HAL_RCC_OscConfig                        0x08000e11   Thumb Code  1114  stm32f1xx_hal_rcc.o(i.HAL_RCC_OscConfig)
    HAL_SRAM_Init                            0x08001275   Thumb Code   102  stm32f1xx_hal_sram.o(i.HAL_SRAM_Init)
    HAL_SRAM_MspInit                         0x080012db   Thumb Code     2  stm32f1xx_hal_sram.o(i.HAL_SRAM_MspInit)
    HAL_SYSTICK_Config                       0x080012dd   Thumb Code    52  stm32f1xx_hal_cortex.o(i.HAL_SYSTICK_Config)
    HAL_UART_Init                            0x08001311   Thumb Code   118  stm32f1xx_hal_uart.o(i.HAL_UART_Init)
    HAL_UART_MspInit                         0x08001389   Thumb Code   152  usart.o(i.HAL_UART_MspInit)
    HardFault_Handler                        0x0800142d   Thumb Code     4  stm32f1xx_it.o(i.HardFault_Handler)
    LCD_Calibration_Cross                    0x08001431   Thumb Code    74  touch.o(i.LCD_Calibration_Cross)
    LCD_Clear                                0x0800147d   Thumb Code    48  lcd.o(i.LCD_Clear)
    LCD_ILI9341_DisplayDir                   0x080014b5   Thumb Code    62  lcd.o(i.LCD_ILI9341_DisplayDir)
    LCD_ILI9341_Init                         0x080014f9   Thumb Code   598  lcd.o(i.LCD_ILI9341_Init)
    LCD_ILI9341_ScanDir                      0x08001759   Thumb Code   282  lcd.o(i.LCD_ILI9341_ScanDir)
    LCD_ILI9341_SetCursor                    0x0800187d   Thumb Code    38  lcd.o(i.LCD_ILI9341_SetCursor)
    LCD_Point                                0x080018ad   Thumb Code    30  lcd.o(i.LCD_Point)
    LCD_Touch_Calibration                    0x080018d5   Thumb Code  1282  touch.o(i.LCD_Touch_Calibration)
    LCD_WriteCMD                             0x08001de5   Thumb Code     6  lcd.o(i.LCD_WriteCMD)
    LCD_WriteData                            0x08001df1   Thumb Code     6  lcd.o(i.LCD_WriteData)
    MemManage_Handler                        0x08001dfd   Thumb Code     4  stm32f1xx_it.o(i.MemManage_Handler)
    NMI_Handler                              0x08001e01   Thumb Code     2  stm32f1xx_it.o(i.NMI_Handler)
    SVC_Handler                              0x08001e2d   Thumb Code     2  stm32f1xx_it.o(i.SVC_Handler)
    SysTick_Init                             0x08001e2f   Thumb Code    20  delay.o(i.SysTick_Init)
    SystemInit                               0x08001e43   Thumb Code     2  system_stm32f1xx.o(i.SystemInit)
    Touch_Data                               0x08001e45   Thumb Code   252  touch.o(i.Touch_Data)
    Touch_IO_Init                            0x08001f49   Thumb Code   252  touch.o(i.Touch_IO_Init)
    Touch_Init                               0x08002051   Thumb Code    64  touch.o(i.Touch_Init)
    Touch_Read_XY                            0x08002099   Thumb Code   168  touch.o(i.Touch_Read_XY)
    Touch_Scan                               0x08002141   Thumb Code   158  touch.o(i.Touch_Scan)
    Touch_Smoothing                          0x080021e9   Thumb Code   294  touch.o(i.Touch_Smoothing)
    USART_Init                               0x08002411   Thumb Code    34  usart.o(i.USART_Init)
    UsageFault_Handler                       0x0800243d   Thumb Code     4  stm32f1xx_it.o(i.UsageFault_Handler)
    _sys_exit                                0x08002479   Thumb Code     4  usart.o(i._sys_exit)
    delay1_ms                                0x0800247d   Thumb Code    60  delay.o(i.delay1_ms)
    delay_ms                                 0x080024b9   Thumb Code    66  delay.o(i.delay_ms)
    delay_us                                 0x080024fb   Thumb Code    58  delay.o(i.delay_us)
    fputc                                    0x08002535   Thumb Code    24  usart.o(i.fputc)
    main                                     0x08002551   Thumb Code    82  main.o(i.main)
    sys_stm32_clock_init                     0x080025bd   Thumb Code   102  sys.o(i.sys_stm32_clock_init)
    __aeabi_d2f                              0x08002625   Thumb Code     0  d2f.o(x$fpl$d2f)
    _d2f                                     0x08002625   Thumb Code    98  d2f.o(x$fpl$d2f)
    __aeabi_dadd                             0x08002689   Thumb Code     0  daddsub_clz.o(x$fpl$dadd)
    _dadd                                    0x08002689   Thumb Code   332  daddsub_clz.o(x$fpl$dadd)
    __fpl_dcmp_Inf                           0x080027d9   Thumb Code    24  dcmpi.o(x$fpl$dcmpinf)
    __aeabi_ddiv                             0x080027f1   Thumb Code     0  ddiv.o(x$fpl$ddiv)
    _ddiv                                    0x080027f1   Thumb Code   552  ddiv.o(x$fpl$ddiv)
    __aeabi_i2d                              0x08002aa1   Thumb Code     0  dflt_clz.o(x$fpl$dflt)
    _dflt                                    0x08002aa1   Thumb Code    46  dflt_clz.o(x$fpl$dflt)
    __aeabi_cdcmple                          0x08002ad1   Thumb Code     0  dleqf.o(x$fpl$dleqf)
    _dcmple                                  0x08002ad1   Thumb Code   120  dleqf.o(x$fpl$dleqf)
    __fpl_dcmple_InfNaN                      0x08002b33   Thumb Code     0  dleqf.o(x$fpl$dleqf)
    __fpl_dnaninf                            0x08002b49   Thumb Code   156  dnaninf.o(x$fpl$dnaninf)
    __fpl_dretinf                            0x08002be5   Thumb Code    12  dretinf.o(x$fpl$dretinf)
    __aeabi_cdrcmple                         0x08002bf1   Thumb Code     0  drleqf.o(x$fpl$drleqf)
    _drcmple                                 0x08002bf1   Thumb Code   108  drleqf.o(x$fpl$drleqf)
    __aeabi_drsub                            0x08002c5d   Thumb Code     0  daddsub_clz.o(x$fpl$drsb)
    _drsb                                    0x08002c5d   Thumb Code    22  daddsub_clz.o(x$fpl$drsb)
    __aeabi_dsub                             0x08002c75   Thumb Code     0  daddsub_clz.o(x$fpl$dsub)
    _dsub                                    0x08002c75   Thumb Code   464  daddsub_clz.o(x$fpl$dsub)
    __aeabi_f2d                              0x08002e49   Thumb Code     0  f2d.o(x$fpl$f2d)
    _f2d                                     0x08002e49   Thumb Code    86  f2d.o(x$fpl$f2d)
    __aeabi_fadd                             0x08002ea1   Thumb Code     0  faddsub_clz.o(x$fpl$fadd)
    _fadd                                    0x08002ea1   Thumb Code   196  faddsub_clz.o(x$fpl$fadd)
    __aeabi_fdiv                             0x08002f65   Thumb Code     0  fdiv.o(x$fpl$fdiv)
    _fdiv                                    0x08002f65   Thumb Code   384  fdiv.o(x$fpl$fdiv)
    __aeabi_f2iz                             0x080030e9   Thumb Code     0  ffix.o(x$fpl$ffix)
    _ffix                                    0x080030e9   Thumb Code    54  ffix.o(x$fpl$ffix)
    __aeabi_f2uiz                            0x08003121   Thumb Code     0  ffixu.o(x$fpl$ffixu)
    _ffixu                                   0x08003121   Thumb Code    62  ffixu.o(x$fpl$ffixu)
    __aeabi_i2f                              0x08003161   Thumb Code     0  fflt_clz.o(x$fpl$fflt)
    _fflt                                    0x08003161   Thumb Code    48  fflt_clz.o(x$fpl$fflt)
    __aeabi_ui2f                             0x08003191   Thumb Code     0  fflt_clz.o(x$fpl$ffltu)
    _ffltu                                   0x08003191   Thumb Code    38  fflt_clz.o(x$fpl$ffltu)
    __aeabi_fmul                             0x080031b9   Thumb Code     0  fmul.o(x$fpl$fmul)
    _fmul                                    0x080031b9   Thumb Code   258  fmul.o(x$fpl$fmul)
    __fpl_fnaninf                            0x080032bb   Thumb Code   140  fnaninf.o(x$fpl$fnaninf)
    __fpl_fretinf                            0x08003347   Thumb Code    10  fretinf.o(x$fpl$fretinf)
    __aeabi_frsub                            0x08003351   Thumb Code     0  faddsub_clz.o(x$fpl$frsb)
    _frsb                                    0x08003351   Thumb Code    20  faddsub_clz.o(x$fpl$frsb)
    __aeabi_fsub                             0x08003365   Thumb Code     0  faddsub_clz.o(x$fpl$fsub)
    _fsub                                    0x08003365   Thumb Code   234  faddsub_clz.o(x$fpl$fsub)
    AHBPrescTable                            0x0800344e   Data          16  system_stm32f1xx.o(.constdata)
    __I$use$fp                               0x0800344e   Number         0  usenofp.o(x$fpl$usenofp)
    APBPrescTable                            0x0800345e   Data           8  system_stm32f1xx.o(.constdata)
    Region$$Table$$Base                      0x08003488   Number         0  anon$$obj.o(Region$$Table)
    Region$$Table$$Limit                     0x080034a8   Number         0  anon$$obj.o(Region$$Table)
    SystemCoreClock                          0x20000000   Data           4  system_stm32f1xx.o(.data)
    __stdout                                 0x20000004   Data           4  usart.o(.data)
    uwTick                                   0x20000008   Data           4  stm32f1xx_hal.o(.data)
    uwTickPrio                               0x2000000c   Data           4  stm32f1xx_hal.o(.data)
    uwTickFreq                               0x20000010   Data           1  stm32f1xx_hal.o(.data)
    tp_dev                                   0x20000014   Data          32  touch.o(.data)
    g_uart1_handle                           0x20000034   Data          72  usart.o(.bss)
    g_sram_handle                            0x2000007c   Data          72  fsmc.o(.bss)
    lcddev                                   0x200000c4   Data          14  lcd.o(.bss)
    __libspace_start                         0x200000d4   Data          96  libspace.o(.bss)
    __temporary_stack_top$libspace           0x20000134   Data           0  libspace.o(.bss)



==============================================================================

Memory Map of the image

  Image Entry point : 0x08000131

  Load Region LR_IROM1 (Base: 0x08000000, Size: 0x000034dc, Max: 0x00080000, ABSOLUTE)

    Execution Region ER_IROM1 (Exec base: 0x08000000, Load base: 0x08000000, Size: 0x000034a8, Max: 0x00080000, ABSOLUTE)

    Exec Addr    Load Addr    Size         Type   Attr      Idx    E Section Name        Object

    0x08000000   0x08000000   0x00000130   Data   RO            3    RESET               startup_stm32f103xe.o
    0x08000130   0x08000130   0x00000008   Code   RO         2669  * !!!main             c_w.l(__main.o)
    0x08000138   0x08000138   0x00000034   Code   RO         2895    !!!scatter          c_w.l(__scatter.o)
    0x0800016c   0x0800016c   0x0000001a   Code   RO         2897    !!handler_copy      c_w.l(__scatter_copy.o)
    0x08000186   0x08000186   0x00000002   PAD
    0x08000188   0x08000188   0x0000001c   Code   RO         2899    !!handler_zi        c_w.l(__scatter_zi.o)
    0x080001a4   0x080001a4   0x00000000   Code   RO         2664    .ARM.Collect$$_printf_percent$$00000000  c_w.l(_printf_percent.o)
    0x080001a4   0x080001a4   0x00000006   Code   RO         2663    .ARM.Collect$$_printf_percent$$00000009  c_w.l(_printf_d.o)
    0x080001aa   0x080001aa   0x00000004   Code   RO         2728    .ARM.Collect$$_printf_percent$$00000017  c_w.l(_printf_percent_end.o)
    0x080001ae   0x080001ae   0x00000002   Code   RO         2772    .ARM.Collect$$libinit$$00000000  c_w.l(libinit.o)
    0x080001b0   0x080001b0   0x00000000   Code   RO         2779    .ARM.Collect$$libinit$$00000002  c_w.l(libinit2.o)
    0x080001b0   0x080001b0   0x00000000   Code   RO         2781    .ARM.Collect$$libinit$$00000004  c_w.l(libinit2.o)
    0x080001b0   0x080001b0   0x00000000   Code   RO         2784    .ARM.Collect$$libinit$$0000000A  c_w.l(libinit2.o)
    0x080001b0   0x080001b0   0x00000000   Code   RO         2786    .ARM.Collect$$libinit$$0000000C  c_w.l(libinit2.o)
    0x080001b0   0x080001b0   0x00000000   Code   RO         2788    .ARM.Collect$$libinit$$0000000E  c_w.l(libinit2.o)
    0x080001b0   0x080001b0   0x00000000   Code   RO         2791    .ARM.Collect$$libinit$$00000011  c_w.l(libinit2.o)
    0x080001b0   0x080001b0   0x00000000   Code   RO         2793    .ARM.Collect$$libinit$$00000013  c_w.l(libinit2.o)
    0x080001b0   0x080001b0   0x00000000   Code   RO         2795    .ARM.Collect$$libinit$$00000015  c_w.l(libinit2.o)
    0x080001b0   0x080001b0   0x00000000   Code   RO         2797    .ARM.Collect$$libinit$$00000017  c_w.l(libinit2.o)
    0x080001b0   0x080001b0   0x00000000   Code   RO         2799    .ARM.Collect$$libinit$$00000019  c_w.l(libinit2.o)
    0x080001b0   0x080001b0   0x00000000   Code   RO         2801    .ARM.Collect$$libinit$$0000001B  c_w.l(libinit2.o)
    0x080001b0   0x080001b0   0x00000000   Code   RO         2803    .ARM.Collect$$libinit$$0000001D  c_w.l(libinit2.o)
    0x080001b0   0x080001b0   0x00000000   Code   RO         2805    .ARM.Collect$$libinit$$0000001F  c_w.l(libinit2.o)
    0x080001b0   0x080001b0   0x00000000   Code   RO         2807    .ARM.Collect$$libinit$$00000021  c_w.l(libinit2.o)
    0x080001b0   0x080001b0   0x00000000   Code   RO         2809    .ARM.Collect$$libinit$$00000023  c_w.l(libinit2.o)
    0x080001b0   0x080001b0   0x00000000   Code   RO         2811    .ARM.Collect$$libinit$$00000025  c_w.l(libinit2.o)
    0x080001b0   0x080001b0   0x00000000   Code   RO         2815    .ARM.Collect$$libinit$$0000002C  c_w.l(libinit2.o)
    0x080001b0   0x080001b0   0x00000000   Code   RO         2817    .ARM.Collect$$libinit$$0000002E  c_w.l(libinit2.o)
    0x080001b0   0x080001b0   0x00000000   Code   RO         2819    .ARM.Collect$$libinit$$00000030  c_w.l(libinit2.o)
    0x080001b0   0x080001b0   0x00000000   Code   RO         2821    .ARM.Collect$$libinit$$00000032  c_w.l(libinit2.o)
    0x080001b0   0x080001b0   0x00000002   Code   RO         2822    .ARM.Collect$$libinit$$00000033  c_w.l(libinit2.o)
    0x080001b2   0x080001b2   0x00000002   Code   RO         2840    .ARM.Collect$$libshutdown$$00000000  c_w.l(libshutdown.o)
    0x080001b4   0x080001b4   0x00000000   Code   RO         2848    .ARM.Collect$$libshutdown$$00000002  c_w.l(libshutdown2.o)
    0x080001b4   0x080001b4   0x00000000   Code   RO         2850    .ARM.Collect$$libshutdown$$00000004  c_w.l(libshutdown2.o)
    0x080001b4   0x080001b4   0x00000000   Code   RO         2852    .ARM.Collect$$libshutdown$$00000006  c_w.l(libshutdown2.o)
    0x080001b4   0x080001b4   0x00000000   Code   RO         2855    .ARM.Collect$$libshutdown$$00000009  c_w.l(libshutdown2.o)
    0x080001b4   0x080001b4   0x00000000   Code   RO         2858    .ARM.Collect$$libshutdown$$0000000C  c_w.l(libshutdown2.o)
    0x080001b4   0x080001b4   0x00000000   Code   RO         2860    .ARM.Collect$$libshutdown$$0000000E  c_w.l(libshutdown2.o)
    0x080001b4   0x080001b4   0x00000000   Code   RO         2863    .ARM.Collect$$libshutdown$$00000011  c_w.l(libshutdown2.o)
    0x080001b4   0x080001b4   0x00000002   Code   RO         2864    .ARM.Collect$$libshutdown$$00000012  c_w.l(libshutdown2.o)
    0x080001b6   0x080001b6   0x00000000   Code   RO         2723    .ARM.Collect$$rtentry$$00000000  c_w.l(__rtentry.o)
    0x080001b6   0x080001b6   0x00000000   Code   RO         2741    .ARM.Collect$$rtentry$$00000002  c_w.l(__rtentry2.o)
    0x080001b6   0x080001b6   0x00000006   Code   RO         2753    .ARM.Collect$$rtentry$$00000004  c_w.l(__rtentry4.o)
    0x080001bc   0x080001bc   0x00000000   Code   RO         2743    .ARM.Collect$$rtentry$$00000009  c_w.l(__rtentry2.o)
    0x080001bc   0x080001bc   0x00000004   Code   RO         2744    .ARM.Collect$$rtentry$$0000000A  c_w.l(__rtentry2.o)
    0x080001c0   0x080001c0   0x00000000   Code   RO         2746    .ARM.Collect$$rtentry$$0000000C  c_w.l(__rtentry2.o)
    0x080001c0   0x080001c0   0x00000008   Code   RO         2747    .ARM.Collect$$rtentry$$0000000D  c_w.l(__rtentry2.o)
    0x080001c8   0x080001c8   0x00000002   Code   RO         2776    .ARM.Collect$$rtexit$$00000000  c_w.l(rtexit.o)
    0x080001ca   0x080001ca   0x00000000   Code   RO         2824    .ARM.Collect$$rtexit$$00000002  c_w.l(rtexit2.o)
    0x080001ca   0x080001ca   0x00000004   Code   RO         2825    .ARM.Collect$$rtexit$$00000003  c_w.l(rtexit2.o)
    0x080001ce   0x080001ce   0x00000006   Code   RO         2826    .ARM.Collect$$rtexit$$00000004  c_w.l(rtexit2.o)
    0x080001d4   0x080001d4   0x00000040   Code   RO            4    .text               startup_stm32f103xe.o
    0x08000214   0x08000214   0x00000002   Code   RO         2633    .text               c_w.l(use_no_semi_2.o)
    0x08000216   0x08000216   0x00000002   PAD
    0x08000218   0x08000218   0x00000018   Code   RO         2637    .text               c_w.l(noretval__2printf.o)
    0x08000230   0x08000230   0x00000068   Code   RO         2639    .text               c_w.l(__printf.o)
    0x08000298   0x08000298   0x00000078   Code   RO         2641    .text               c_w.l(_printf_dec.o)
    0x08000310   0x08000310   0x0000004e   Code   RO         2665    .text               c_w.l(rt_memclr_w.o)
    0x0800035e   0x0800035e   0x00000006   Code   RO         2667    .text               c_w.l(heapauxi.o)
    0x08000364   0x08000364   0x00000002   Code   RO         2721    .text               c_w.l(use_no_semi.o)
    0x08000366   0x08000366   0x000000b2   Code   RO         2724    .text               c_w.l(_printf_intcommon.o)
    0x08000418   0x08000418   0x00000024   Code   RO         2726    .text               c_w.l(_printf_char_file.o)
    0x0800043c   0x0800043c   0x00000030   Code   RO         2755    .text               c_w.l(_printf_char_common.o)
    0x0800046c   0x0800046c   0x00000008   Code   RO         2757    .text               c_w.l(ferror.o)
    0x08000474   0x08000474   0x0000004a   Code   RO         2761    .text               c_w.l(sys_stackheap_outer.o)
    0x080004be   0x080004be   0x00000012   Code   RO         2765    .text               c_w.l(exit.o)
    0x080004d0   0x080004d0   0x00000008   Code   RO         2773    .text               c_w.l(libspace.o)
    0x080004d8   0x080004d8   0x00000004   Code   RO           13    i.BusFault_Handler  stm32f1xx_it.o
    0x080004dc   0x080004dc   0x00000002   Code   RO           14    i.DebugMon_Handler  stm32f1xx_it.o
    0x080004de   0x080004de   0x00000002   PAD
    0x080004e0   0x080004e0   0x00000164   Code   RO         2411    i.FSMC_LCD_Init     fsmc.o
    0x08000644   0x08000644   0x00000044   Code   RO         2293    i.FSMC_NORSRAM_Extended_Timing_Init  stm32f1xx_ll_fsmc.o
    0x08000688   0x08000688   0x00000078   Code   RO         2294    i.FSMC_NORSRAM_Init  stm32f1xx_ll_fsmc.o
    0x08000700   0x08000700   0x00000042   Code   RO         2295    i.FSMC_NORSRAM_Timing_Init  stm32f1xx_ll_fsmc.o
    0x08000742   0x08000742   0x00000002   PAD
    0x08000744   0x08000744   0x00000340   Code   RO         1112    i.HAL_GPIO_Init     stm32f1xx_hal_gpio.o
    0x08000a84   0x08000a84   0x00000010   Code   RO         1114    i.HAL_GPIO_ReadPin  stm32f1xx_hal_gpio.o
    0x08000a94   0x08000a94   0x0000000c   Code   RO         1116    i.HAL_GPIO_WritePin  stm32f1xx_hal_gpio.o
    0x08000aa0   0x08000aa0   0x0000000c   Code   RO          824    i.HAL_GetTick       stm32f1xx_hal.o
    0x08000aac   0x08000aac   0x00000028   Code   RO          831    i.HAL_Init          stm32f1xx_hal.o
    0x08000ad4   0x08000ad4   0x0000004c   Code   RO          832    i.HAL_InitTick      stm32f1xx_hal.o
    0x08000b20   0x08000b20   0x00000002   Code   RO          834    i.HAL_MspInit       stm32f1xx_hal.o
    0x08000b22   0x08000b22   0x0000007c   Code   RO          995    i.HAL_NVIC_SetPriority  stm32f1xx_hal_cortex.o
    0x08000b9e   0x08000b9e   0x00000002   PAD
    0x08000ba0   0x08000ba0   0x00000028   Code   RO          996    i.HAL_NVIC_SetPriorityGrouping  stm32f1xx_hal_cortex.o
    0x08000bc8   0x08000bc8   0x0000018c   Code   RO         1367    i.HAL_RCC_ClockConfig  stm32f1xx_hal_rcc.o
    0x08000d54   0x08000d54   0x0000000c   Code   RO         1372    i.HAL_RCC_GetHCLKFreq  stm32f1xx_hal_rcc.o
    0x08000d60   0x08000d60   0x00000020   Code   RO         1374    i.HAL_RCC_GetPCLK1Freq  stm32f1xx_hal_rcc.o
    0x08000d80   0x08000d80   0x00000020   Code   RO         1375    i.HAL_RCC_GetPCLK2Freq  stm32f1xx_hal_rcc.o
    0x08000da0   0x08000da0   0x00000070   Code   RO         1376    i.HAL_RCC_GetSysClockFreq  stm32f1xx_hal_rcc.o
    0x08000e10   0x08000e10   0x00000464   Code   RO         1379    i.HAL_RCC_OscConfig  stm32f1xx_hal_rcc.o
    0x08001274   0x08001274   0x00000066   Code   RO         2154    i.HAL_SRAM_Init     stm32f1xx_hal_sram.o
    0x080012da   0x080012da   0x00000002   Code   RO         2156    i.HAL_SRAM_MspInit  stm32f1xx_hal_sram.o
    0x080012dc   0x080012dc   0x00000034   Code   RO         1000    i.HAL_SYSTICK_Config  stm32f1xx_hal_cortex.o
    0x08001310   0x08001310   0x00000076   Code   RO         1541    i.HAL_UART_Init     stm32f1xx_hal_uart.o
    0x08001386   0x08001386   0x00000002   PAD
    0x08001388   0x08001388   0x000000a4   Code   RO          748    i.HAL_UART_MspInit  usart.o
    0x0800142c   0x0800142c   0x00000004   Code   RO           15    i.HardFault_Handler  stm32f1xx_it.o
    0x08001430   0x08001430   0x0000004a   Code   RO         2561    i.LCD_Calibration_Cross  touch.o
    0x0800147a   0x0800147a   0x00000002   PAD
    0x0800147c   0x0800147c   0x00000038   Code   RO         2441    i.LCD_Clear         lcd.o
    0x080014b4   0x080014b4   0x00000044   Code   RO         2450    i.LCD_ILI9341_DisplayDir  lcd.o
    0x080014f8   0x080014f8   0x00000260   Code   RO         2451    i.LCD_ILI9341_Init  lcd.o
    0x08001758   0x08001758   0x00000124   Code   RO         2452    i.LCD_ILI9341_ScanDir  lcd.o
    0x0800187c   0x0800187c   0x00000030   Code   RO         2453    i.LCD_ILI9341_SetCursor  lcd.o
    0x080018ac   0x080018ac   0x00000028   Code   RO         2454    i.LCD_Point         lcd.o
    0x080018d4   0x080018d4   0x00000510   Code   RO         2562    i.LCD_Touch_Calibration  touch.o
    0x08001de4   0x08001de4   0x0000000c   Code   RO         2455    i.LCD_WriteCMD      lcd.o
    0x08001df0   0x08001df0   0x0000000c   Code   RO         2456    i.LCD_WriteData     lcd.o
    0x08001dfc   0x08001dfc   0x00000004   Code   RO           16    i.MemManage_Handler  stm32f1xx_it.o
    0x08001e00   0x08001e00   0x00000002   Code   RO           17    i.NMI_Handler       stm32f1xx_it.o
    0x08001e02   0x08001e02   0x00000002   PAD
    0x08001e04   0x08001e04   0x00000028   Code   RO         1380    i.RCC_Delay         stm32f1xx_hal_rcc.o
    0x08001e2c   0x08001e2c   0x00000002   Code   RO           18    i.SVC_Handler       stm32f1xx_it.o
    0x08001e2e   0x08001e2e   0x00000014   Code   RO          706    i.SysTick_Init      delay.o
    0x08001e42   0x08001e42   0x00000002   Code   RO          255    i.SystemInit        system_stm32f1xx.o
    0x08001e44   0x08001e44   0x00000104   Code   RO         2563    i.Touch_Data        touch.o
    0x08001f48   0x08001f48   0x00000108   Code   RO         2564    i.Touch_IO_Init     touch.o
    0x08002050   0x08002050   0x00000048   Code   RO         2565    i.Touch_Init        touch.o
    0x08002098   0x08002098   0x000000a8   Code   RO         2566    i.Touch_Read_XY     touch.o
    0x08002140   0x08002140   0x000000a8   Code   RO         2567    i.Touch_Scan        touch.o
    0x080021e8   0x080021e8   0x0000012c   Code   RO         2568    i.Touch_Smoothing   touch.o
    0x08002314   0x08002314   0x000000fc   Code   RO         1568    i.UART_SetConfig    stm32f1xx_hal_uart.o
    0x08002410   0x08002410   0x0000002c   Code   RO          749    i.USART_Init        usart.o
    0x0800243c   0x0800243c   0x00000004   Code   RO           19    i.UsageFault_Handler  stm32f1xx_it.o
    0x08002440   0x08002440   0x00000010   Code   RO         1002    i.__NVIC_GetPriorityGrouping  stm32f1xx_hal_cortex.o
    0x08002450   0x08002450   0x00000028   Code   RO         1003    i.__NVIC_SetPriority  stm32f1xx_hal_cortex.o
    0x08002478   0x08002478   0x00000004   Code   RO          751    i._sys_exit         usart.o
    0x0800247c   0x0800247c   0x0000003c   Code   RO          707    i.delay1_ms         delay.o
    0x080024b8   0x080024b8   0x00000042   Code   RO          708    i.delay_ms          delay.o
    0x080024fa   0x080024fa   0x0000003a   Code   RO          709    i.delay_us          delay.o
    0x08002534   0x08002534   0x0000001c   Code   RO          753    i.fputc             usart.o
    0x08002550   0x08002550   0x0000006c   Code   RO          419    i.main              main.o
    0x080025bc   0x080025bc   0x00000066   Code   RO          639    i.sys_stm32_clock_init  sys.o
    0x08002622   0x08002622   0x00000002   PAD
    0x08002624   0x08002624   0x00000062   Code   RO         2671    x$fpl$d2f           fz_ws.l(d2f.o)
    0x08002686   0x08002686   0x00000002   PAD
    0x08002688   0x08002688   0x00000150   Code   RO         2673    x$fpl$dadd          fz_ws.l(daddsub_clz.o)
    0x080027d8   0x080027d8   0x00000018   Code   RO         2729    x$fpl$dcmpinf       fz_ws.l(dcmpi.o)
    0x080027f0   0x080027f0   0x000002b0   Code   RO         2680    x$fpl$ddiv          fz_ws.l(ddiv.o)
    0x08002aa0   0x08002aa0   0x0000002e   Code   RO         2684    x$fpl$dflt          fz_ws.l(dflt_clz.o)
    0x08002ace   0x08002ace   0x00000002   PAD
    0x08002ad0   0x08002ad0   0x00000078   Code   RO         2689    x$fpl$dleqf         fz_ws.l(dleqf.o)
    0x08002b48   0x08002b48   0x0000009c   Code   RO         2731    x$fpl$dnaninf       fz_ws.l(dnaninf.o)
    0x08002be4   0x08002be4   0x0000000c   Code   RO         2733    x$fpl$dretinf       fz_ws.l(dretinf.o)
    0x08002bf0   0x08002bf0   0x0000006c   Code   RO         2691    x$fpl$drleqf        fz_ws.l(drleqf.o)
    0x08002c5c   0x08002c5c   0x00000016   Code   RO         2674    x$fpl$drsb          fz_ws.l(daddsub_clz.o)
    0x08002c72   0x08002c72   0x00000002   PAD
    0x08002c74   0x08002c74   0x000001d4   Code   RO         2675    x$fpl$dsub          fz_ws.l(daddsub_clz.o)
    0x08002e48   0x08002e48   0x00000056   Code   RO         2693    x$fpl$f2d           fz_ws.l(f2d.o)
    0x08002e9e   0x08002e9e   0x00000002   PAD
    0x08002ea0   0x08002ea0   0x000000c4   Code   RO         2695    x$fpl$fadd          fz_ws.l(faddsub_clz.o)
    0x08002f64   0x08002f64   0x00000184   Code   RO         2702    x$fpl$fdiv          fz_ws.l(fdiv.o)
    0x080030e8   0x080030e8   0x00000036   Code   RO         2705    x$fpl$ffix          fz_ws.l(ffix.o)
    0x0800311e   0x0800311e   0x00000002   PAD
    0x08003120   0x08003120   0x0000003e   Code   RO         2709    x$fpl$ffixu         fz_ws.l(ffixu.o)
    0x0800315e   0x0800315e   0x00000002   PAD
    0x08003160   0x08003160   0x00000030   Code   RO         2714    x$fpl$fflt          fz_ws.l(fflt_clz.o)
    0x08003190   0x08003190   0x00000026   Code   RO         2713    x$fpl$ffltu         fz_ws.l(fflt_clz.o)
    0x080031b6   0x080031b6   0x00000002   PAD
    0x080031b8   0x080031b8   0x00000102   Code   RO         2719    x$fpl$fmul          fz_ws.l(fmul.o)
    0x080032ba   0x080032ba   0x0000008c   Code   RO         2735    x$fpl$fnaninf       fz_ws.l(fnaninf.o)
    0x08003346   0x08003346   0x0000000a   Code   RO         2737    x$fpl$fretinf       fz_ws.l(fretinf.o)
    0x08003350   0x08003350   0x00000014   Code   RO         2696    x$fpl$frsb          fz_ws.l(faddsub_clz.o)
    0x08003364   0x08003364   0x000000ea   Code   RO         2697    x$fpl$fsub          fz_ws.l(faddsub_clz.o)
    0x0800344e   0x0800344e   0x00000000   Code   RO         2739    x$fpl$usenofp       fz_ws.l(usenofp.o)
    0x0800344e   0x0800344e   0x00000018   Data   RO          256    .constdata          system_stm32f1xx.o
    0x08003466   0x08003466   0x00000012   Data   RO         1381    .constdata          stm32f1xx_hal_rcc.o
    0x08003478   0x08003478   0x00000010   Data   RO         2569    .constdata          touch.o
    0x08003488   0x08003488   0x00000020   Data   RO         2893    Region$$Table       anon$$obj.o


    Execution Region RW_IRAM1 (Exec base: 0x20000000, Load base: 0x080034a8, Size: 0x00000738, Max: 0x00010000, ABSOLUTE)

    Exec Addr    Load Addr    Size         Type   Attr      Idx    E Section Name        Object

    0x20000000   0x080034a8   0x00000004   Data   RW          257    .data               system_stm32f1xx.o
    0x20000004   0x080034ac   0x00000004   Data   RW          755    .data               usart.o
    0x20000008   0x080034b0   0x00000009   Data   RW          838    .data               stm32f1xx_hal.o
    0x20000011   0x080034b9   0x00000003   PAD
    0x20000014   0x080034bc   0x00000020   Data   RW         2570    .data               touch.o
    0x20000034        -       0x00000048   Zero   RW          754    .bss                usart.o
    0x2000007c        -       0x00000048   Zero   RW         2412    .bss                fsmc.o
    0x200000c4        -       0x0000000e   Zero   RW         2457    .bss                lcd.o
    0x200000d2   0x080034dc   0x00000002   PAD
    0x200000d4        -       0x00000060   Zero   RW         2774    .bss                c_w.l(libspace.o)
    0x20000134   0x080034dc   0x00000004   PAD
    0x20000138        -       0x00000200   Zero   RW            2    HEAP                startup_stm32f103xe.o
    0x20000338        -       0x00000400   Zero   RW            1    STACK               startup_stm32f103xe.o


==============================================================================

Image component sizes


      Code (inc. data)   RO Data    RW Data    ZI Data      Debug   Object Name

       204          0          0          0          0       2353   delay.o
       356         30          0          0         72       1656   fsmc.o
      1136         82          0          0         14       6826   lcd.o
       108         26          0          0          0     463952   main.o
        64         26        304          0       1536        952   startup_stm32f103xe.o
       130         24          0          9          0       6569   stm32f1xx_hal.o
       272         22          0          0          0      29390   stm32f1xx_hal_cortex.o
       860         40          0          0          0       3743   stm32f1xx_hal_gpio.o
      1748         98         18          0          0       6780   stm32f1xx_hal_rcc.o
       104          0          0          0          0       2051   stm32f1xx_hal_sram.o
       370          4          0          0          0       2084   stm32f1xx_hal_uart.o
        22          0          0          0          0       7683   stm32f1xx_it.o
       254         10          0          0          0       4247   stm32f1xx_ll_fsmc.o
       102          0          0          0          0        783   sys.o
         2          0         24          4          0       1471   system_stm32f1xx.o
      2602        100         16         32          0       8890   touch.o
       240         26          0          4         72       4557   usart.o

    ----------------------------------------------------------------------
      8588        488        394         52       1696     553987   Object Totals
         0          0         32          0          0          0   (incl. Generated)
        14          0          0          3          2          0   (incl. Padding)

    ----------------------------------------------------------------------

      Code (inc. data)   RO Data    RW Data    ZI Data      Debug   Library Member Name

         8          0          0          0          0         68   __main.o
       104          0          0          0          0         84   __printf.o
         0          0          0          0          0          0   __rtentry.o
        12          0          0          0          0          0   __rtentry2.o
         6          0          0          0          0          0   __rtentry4.o
        52          8          0          0          0          0   __scatter.o
        26          0          0          0          0          0   __scatter_copy.o
        28          0          0          0          0          0   __scatter_zi.o
        48          6          0          0          0         96   _printf_char_common.o
        36          4          0          0          0         80   _printf_char_file.o
         6          0          0          0          0          0   _printf_d.o
       120         16          0          0          0         92   _printf_dec.o
       178          0          0          0          0         88   _printf_intcommon.o
         0          0          0          0          0          0   _printf_percent.o
         4          0          0          0          0          0   _printf_percent_end.o
        18          0          0          0          0         80   exit.o
         8          0          0          0          0         68   ferror.o
         6          0          0          0          0        152   heapauxi.o
         2          0          0          0          0          0   libinit.o
         2          0          0          0          0          0   libinit2.o
         2          0          0          0          0          0   libshutdown.o
         2          0          0          0          0          0   libshutdown2.o
         8          4          0          0         96         68   libspace.o
        24          4          0          0          0         84   noretval__2printf.o
        78          0          0          0          0         80   rt_memclr_w.o
         2          0          0          0          0          0   rtexit.o
        10          0          0          0          0          0   rtexit2.o
        74          0          0          0          0         80   sys_stackheap_outer.o
         2          0          0          0          0         68   use_no_semi.o
         2          0          0          0          0         68   use_no_semi_2.o
        98          4          0          0          0         92   d2f.o
       826         16          0          0          0        348   daddsub_clz.o
        24          0          0          0          0         68   dcmpi.o
       688        140          0          0          0        208   ddiv.o
        46          0          0          0          0         68   dflt_clz.o
       120          4          0          0          0         92   dleqf.o
       156          4          0          0          0         92   dnaninf.o
        12          0          0          0          0         68   dretinf.o
       108          0          0          0          0         80   drleqf.o
        86          4          0          0          0         84   f2d.o
       450          8          0          0          0        236   faddsub_clz.o
       388         76          0          0          0         96   fdiv.o
        54          4          0          0          0         84   ffix.o
        62          4          0          0          0         84   ffixu.o
        86          0          0          0          0        136   fflt_clz.o
       258          4          0          0          0         84   fmul.o
       140          4          0          0          0         84   fnaninf.o
        10          0          0          0          0         68   fretinf.o
         0          0          0          0          0          0   usenofp.o

    ----------------------------------------------------------------------
      4498        314          0          0        100       3328   Library Totals
        18          0          0          0          4          0   (incl. Padding)

    ----------------------------------------------------------------------

      Code (inc. data)   RO Data    RW Data    ZI Data      Debug   Library Name

       868         42          0          0         96       1256   c_w.l
      3612        272          0          0          0       2072   fz_ws.l

    ----------------------------------------------------------------------
      4498        314          0          0        100       3328   Library Totals

    ----------------------------------------------------------------------

==============================================================================


      Code (inc. data)   RO Data    RW Data    ZI Data      Debug   

     13086        802        394         52       1796     552631   Grand Totals
     13086        802        394         52       1796     552631   ELF Image Totals
     13086        802        394         52          0          0   ROM Totals

==============================================================================

    Total RO  Size (Code + RO Data)                13480 (  13.16kB)
    Total RW  Size (RW Data + ZI Data)              1848 (   1.80kB)
    Total ROM Size (Code + RO Data + RW Data)      13532 (  13.21kB)

==============================================================================

